<?xml version="1.0" encoding="UTF-8"?>
<div xmlns:xs="http://www.w3.org/2001/XMLSchema">
   <div id="facsimile-images">
      <h2>Facsimile Images</h2>
      <a href="5.1">
         <img title="Facsimile drawing (from Murzakevich 1950) Факсимильное изображение (из Мурзакевич 1950)"
               src="5-thumb.1"/>
      </a>
   </div>
   <div id="bibliography">
      <h2>bibliography</h2>
      <ul> , 481 , 2, № 2 , 324 , 749–751 </ul>
   </div>
   <div id="edition" lang="grc">
      <div class="textpart" lang="grc">
         <span class="ab">
            <a id="al1"><!--0--></a>͵ςϠξ´, ((+)) <br id="al2"/>ἰνδ(ικτιῶνος) ιγ´. <br id="al3"/>Τέλος ἔλα(βε) βιηθείᾳ τὸ (τ)ῆχος. <br id="al4"/>Ἔλθῃ(ς) βοηθός, Χ(ριστ)έ, τῷ ποιηκότι. Ἔτι ͵ςϠξ´. </span>
      </div>
   </div>
   <div id="apparatus">
      <h2>Apparatus</h2>
      <p>
         <span class="1-2">1-2: В лт ѕѯ іѡ(анн) ігумень; <span>om. alii</span>
         </span>
         <br/>
         <span class="1">1: ςϠξ´</span>
         <br/>
         <span class="2">2: ٣١٢</span>
         <br/>
         <span class="3">3: Θεία; τόδ]ε; (βο)ηθείᾳ; ἡ θεία (?) </span>
         <br/>
         <span class="4">4: ἔλθη (ἡ χάρις); [Βοή]θη ? ὀ; ἔλθῃς; ἔλθ(ον); ἐλθὲ </span>; <span class="4">βοηθὸς: <span>om.</span>
         </span>; <span class="4">Ἰ(ησοῦ)ς; (ὁ) ἱερὸς ναὸς</span>; <span class="4">Χ(ριστο)ῦ</span>; <span class="4">πεποιηκότι <span> et alii; </span> ? Κόστι <span>Skrzynska</span>; πεντηκόστῃ; ποιηκότι; Σταν <span>add. </span>
         </span>; <span class="4">Ἔτει ςϠζ´ <span>Skrzynska</span>; ἔτει ςϠξ´</span>
      </p>
   </div>
   <div id="translation">
      <h2> translation</h2>
      <p>6960, в 13-й (или: 10-й) индикт (?). С [Божьей — А.В. ] помощью окончена стена. Приди Помощником, Христе, к построившему. В 6960 году.</p>
   </div>
   <div id="translation">
      <h2> translation</h2>
      <p>In the year 6960, in the 13th (or 10th) indiction. With the Lord's help, the wall was completed. Christ, come as a Helper, to the man who has built it. In the year 6960.</p>
   </div>
   <div id="commentary">
      <h2>commentary</h2>
      <p> Историю изучения надписи см. в Шлапак 2000. Во время посещения Белгорода-Днестровского в 1999 г. надпись обнаружить не удалось. Чтение надписи основано на копии Мурзакевича (см. Войцеховский 1972, 372, рис. 2), поэтому весьма гипотетично. Н. Йорга (Iorga 1899, 99) дает перевод надписи, учитывающийся в критическом аппарате, так же, как и перевод (без издания текста) Е.Ч. Скржинской, опубликованный в Войцеховский 1972. </p>
      <p> 1. 1-я строка, очевидно, идентична последнему слову 4-й строки, и ее реконструкция сомнений не вызывает.</p>
      <p> 2. Предложение Шлапак читать здесь арабские цифры — 1012 г. хиджры (1603 г. от Р.Х.) не кажется необходимым ввиду возможности греческого прочтения строки. Первый знак строки — обычное сокращение для слова индикт. 13 индикт надписи — ошибка, так как на 6960 г. от сотворения мира (1451–1452 г. от Р.Х.) приходился 10 индикт. Не исключено, однако, что за гамму Мурзакевич мог принять случайный или поздний знак.</p>
      <p> 3–4. Восстановление строк весьма гипотетично, поэтому от исторических комментариев мы воздержимся. Роби указал на метрический характер 2-й и 3-й строк (две додекасиллабические строки) и в этой связи предложил удачное восстановление в середине 2-й строки. Прокомментировать следует формулы, на которые предыдущие исследователи внимания не обращали. Формула τέλος ἔλαβε в отношении постройки известна в надписи Ševčenko 1966, 264, № 17 (Синай, XVIII в.). Формула <span class="lang" lang="grc">Ἔλθῃς βοηθός, Χ(ριστ)έ</span> (4-я строка) известна на византийских молибдовулах (см., например, SEB 180, 1b).</p>
      <p>Об археологическом и историческом контексте постройки см. Бруяко, Сапожников 2000.</p>
   </div>
   <div id="commentary">
      <h2>commentary</h2>
      <p>The study history of the inscription can be found in Shlapak 2000. During my visit to Belgorod-Dnestrovsky in 1999, I was unable to find this inscription. My reading is based on the text of Murzakevich (see Voytsekhovsky 1972, 372, fig. 2) and is therefore rather hypothetical. N. Iorga's (1899, 99) translation is reflected in the apparatus, as well as the translation of E.Cz. Skrzynska published in Voytsekhovsky 1972.</p>
      <p>1. Line 1 is apparently identical with the last word of Line 4, and its reconstruction is not in doubt.</p>
      <p>2. Shlapak's proposal that we should read here the arabic numerals - Hijri year 1012 (1603 C.E.) - is not justified since the numbers are intelligible as Greek. The first letter sign of the line represents a conventional abbreviation of the word "indiction." The 13th indiction in the text is a mistake since the year 6960 since the Creation (1451-1452 C.E.) corresponds to the 10th indiction. It is possible that Murzakevich interpreted as gamma a random stroke or a late mark.</p>
      <p>3-4. The textual reconstruction in these lines is rather hypothetical and for this reason I abstain from making historical comments. Rhoby, noting the metrical character of lines 2 and 3 (two dodecasyllabic lines), made a convincing restoration in the middle of line 2. It is worth remarking on the formulae, which have previously attracted little scholarly attention. The formula <span class="lang" lang="grc">τέλος ἔλαβε</span> with reference to a physical structure is attested in Shevchenko 1966, 264, № 17 (Sinai, XVIIIth century). The formula <span class="lang" lang="grc">Ἔλθῃς βοηθός, Χ(ριστ)έ</span> (line 4) is known from Byzantine lead seals (see, e.g., SEB 180, 1b).</p>
      <p>For the archaeological and historical context of the architectural construction, see Bruyako, Sapozhnikov 2000.</p>
   </div>
   <div id="license"/>
</div>
