<?xml version="1.0" encoding="UTF-8"?>
<html xmlns:fn="http://www.w3.org/2005/xpath-functions"
       xmlns:i18n="http://apache.org/cocoon/i18n/2.1"
       xmlns:kiln="http://www.kcl.ac.uk/artshums/depts/ddh/kiln/ns/1.0">
   <head>
      <title>5.157. Прошение ? неизвестногоInvocation ? of an unknown</title>
      <meta http-equiv="content-type" content="text/html; charset=UTF-8"/>
      <link rel="stylesheet"
             type="text/css"
             media="screen, projection"
             href="../xsl/global.css"/>
   </head>
   <body>
      <h1>5.157. Прошение ? неизвестногоInvocation ? of an unknown</h1>
      <div id="full-edition">
         <div id="edition-text">
            <div id="source-description">
               <p>
                  <b>Description: </b>Повреждена в верхней части.Damaged at the top.</p>
               <p>
                  <b>Text: </b>
                           На лицевой стороне.
                           On the front.
                        </p>
               <p>
                  <b>Letters: </b> Лапидарный; буквы неравной величины, сильно маньеризированы. Лигатуры. Lapidary; highly ornate letters of unequal size. Ligatures. 1,0–4,0. </p>
               <p>
                  <b>Date: </b> XIII–XVIII вв. XIII–XVIIIth centuries C.E.  (палеография)</p>
               <p>
                  <b>Findspot: </b>
               </p>
               <p>
                  <b>Original location: </b>
                        Каламита.
                        Kalamita.
                     </p>
               <p>
                  <b>Last recorded location: </b>
                     Non vidi.
                     Non vidi.
                     In situ (?).
                     In situ (?).
                  </p>
            </div>
            <div class="section-container tabs" data-section="tabs">
               <section>
                  <p class="title" data-section-title="data-section-title">
                     <a href="#">Interpretive</a>
                  </p>
                  <div class="content"
                        id="edition"
                        data-section-content="data-section-content">
                     <div id="edition" lang="grc">
                        <div class="textpart" lang="grc">
                           <span class="ab">
                              <a id="al1"><!--0--></a>[<span dir="ltr" class="gap">---</span> το]ῦ θ(εο)ῦ <br id="al2"/>[<span dir="ltr" class="gap">c. 8</span>] <br id="al3"/>Βοήθι <br id="al4"/>[<span dir="ltr" class="gap">c. 5</span>]. </span>
                        </div>
                     </div>
                  </div>
               </section>
               <section>
                  <p class="title" data-section-title="data-section-title">
                     <a href="#">Diplomatic</a>
                  </p>
                  <div class="content"
                        id="diplomatic"
                        data-section-content="data-section-content">
                     <div id="edition" lang="grc">
                        <div class="textpart" lang="grc">
                           <span class="ab">
                              <a id="al1"><!--0--></a>[<span dir="ltr" class="gap">---</span>..]ΥΘΥ<br id="al2"/>[<span dir="ltr" class="gap">········</span>]<br id="al3"/>ΒΟΗΘΙ<br id="al4"/>[<span dir="ltr" class="gap">·····</span>]</span>
                        </div>
                     </div>
                  </div>
               </section>
            </div>
            <div id="translation">
               <h3>Translation (ru)</h3>
               <p>… Бога… помоги…</p>
               <h3>English translation</h3>
               <p>... of God... Help...</p>
            </div>
            <div id="commentary">
               <h3>Commentary</h3>
               <p> Местонахождение памятника, упомянутого Латышевым (1896, 42–43, 46, № 34, 41; 1897, 152) устанавливается предположительно, по единственному упоминанию надписи в Георгиевском монастыре Н.И. Репниковым (Материалы к археологической карте юго-западного нагорья Крыма (РА ИИМК РАН. Ф. 10, № 10. С. 34)). Чтение основано на единственной копии Д.М. Струкова (РА ИИМК РАН. Ф. Р–I, № 619. Л. 6). Остальная часть надписи не поддается дешифровке. Судя по своему положению над могилой, надпись могла быть надгробной. Неясно, какую роль играет в ней инвокация.</p>
               <p>We can speculate about the topographic position of the monument, noted by Latyshev (1896, 42–43, 46, № 34, 41; 1897, 152), only on the basis of a mention made by N.I. Repnikov who says that it was found at St. George monastery (Materials for the archaeological map of the southwest mountains of Crimea (Manuscript Archive, Institute for History of Material Culture, Russian Academy of Sciences, f. 10, № 10, s. 34)). The edition is based on the single transcription of D.M. Strukov (Manuscript Archive, Institute for History of Material Culture, Russian Academy of Sciences, f. Р–I, № 619, l. 6). The rest of the text cannot be deciphered. Judging by its placement over a grave, it was probably an epitaph. The role of invocation in it is unclear.</p>
            </div>
            <p>
               <b>Bibliography: </b>
            </p>
         </div>
         <div id="edition-images-maps">
            <div id="images">
               <h3>Images</h3>
               <div class="embedded_image">
                  <a href="5.157">
                     <img title="Drawing of face " src="5-thumb.157"/>
                  </a>
                  <p style="margin-top:5px">
                     <strong>Fig. 1</strong>. Drawing of face</p>
               </div>
            </div>
         </div>
      </div>
   </body>
</html>
