<?xml version="1.0" encoding="UTF-8"?>
<html>
   <head>
      <title>V 157. Каламита. Kalamita.. Прошение  неизвестного, 
                        XIII–XVIII вв.
                        XIII–XVIIIth centuries C.E.
                     </title>
      <meta http-equiv="content-type" content="text/html; charset=UTF-8"/>
      <link rel="stylesheet"
             type="text/css"
             media="screen, projection"
             href="../xsl/global.css"/>
   </head>
   <body>
      <h1>V 157. Каламита. Kalamita.. Прошение  неизвестного, 
                        XIII–XVIII вв.
                        XIII–XVIIIth centuries C.E.
                     </h1>
      <div id="stone">
         <h3 class="sigidoc">Object</h3>
         <dl class="sigidoc">
            <dt width="150" align="left">Physical description</dt>
            <dd>Скальная стена. Rock wall.</dd>
            <dt width="150" align="left">Material</dt>
            <dd>Известняк. Limestone.</dd>
            <dt width="150" align="left">Description and condition</dt>
            <dd>Повреждена в верхней части. Damaged at the top.</dd>
         </dl>
         <dl class="sigidoc">
            <dt width="150" align="left">Find place</dt>
            <dd>Инкерман. Inkerman.</dd>
            <dt width="150" align="left">Find circumstances</dt>
            <dd>1870-е гг., обследования Д.М. Струкова. 1870s, survey of D.M. Strukov.</dd>
            <dt width="150" align="left">Find context</dt>
            <dd>Монастырская скала, монастырь св. Георгия, лестница, восточная стена, над левой усыпальницей (?). Monastyrskaya Rock, monastery of St. George, staircase, east wall, over a sepulchre on the left.</dd>
            <dt width="150" align="left">Current location</dt>
            <dd>
                     Non vidi.
                     Non vidi.
                   
                     In situ (?).
                     In situ (?).
                  </dd>
            <dt width="150" align="left">Dimensions (mm)</dt>
            <dd>H. 12,0,W. 11,5,</dd>
            <dt width="150" align="left">Weight (gr)</dt>
            <dt width="150" align="left">Institution and inventory</dt>
            <dd>In situ (?) In situ (?)no inv. no.</dd>
         </dl>
      </div>
      <div id="text-field">
         <h3 class="sigidoc">Inscribed field</h3>
         <dl class="sigidoc">
            <dt width="150" align="left">Faces code</dt>
            <dd>f1</dd>
            <dt width="150" align="left">Placement of text</dt>
            <dd>
                           На лицевой стороне.
                           On the front.
                        </dd>
            <dt width="150" align="left">Style of lettering</dt>
            <dd/>
            <dt width="150" align="left">Letterheights</dt>
            <dd>1,0–4,0.</dd>
         </dl>
      </div>
      <div id="text">
         <h3 class="sigidoc">Text</h3>
         <dl class="sigidoc">
            <dt>Origin</dt>
            <dd>
                        Каламита.
                        Kalamita.
                     </dd>
            <dt>Category</dt>
            <dd>
                     Инвокативная  надпись.
                     Invocative  inscription.
                  </dd>
            <dt>Date</dt>
            <dd>
                        XIII–XVIII вв.
                        XIII–XVIIIth centuries C.E.
                     </dd>
            <dt>Dating criteria</dt>
            <dd>палеография</dd>
            <dt>Editions</dt>
            <dd>
               <div id="bibliography">
                  <h2>bibliography</h2>
                  <p/>
               </div>
            </dd>
         </dl>
         <div id="sigidoc-text" class="sigidoc">
            <div id="edition">
               <p>
                  <b>Interpretive edition:</b>
               </p>
               <div id="edition" lang="grc">
                  <div class="textpart" lang="grc">
                     <span class="ab">
                        <a id="al1"><!--0--></a>[<span dir="ltr" class="gap">---</span> το]ῦ θ(εο)ῦ <br id="al2"/>[<span dir="ltr" class="gap">c. 8</span>] <br id="al3"/>Βοήθι <br id="al4"/>[<span dir="ltr" class="gap">c. 5</span>]. </span>
                  </div>
               </div>
            </div>
            <div id="diplomatic">
               <p>
                  <b>Diplomatic edition:</b>
               </p>
               <div id="edition" lang="grc">
                  <div class="textpart" lang="grc">
                     <span class="ab">
                        <a id="al1"><!--0--></a>[<span dir="ltr" class="gap">---</span>..]ΥΘΥ<br id="al2"/>[<span dir="ltr" class="gap">········</span>]<br id="al3"/>ΒΟΗΘΙ<br id="al4"/>[<span dir="ltr" class="gap">·····</span>]</span>
                  </div>
               </div>
            </div>
         </div>
         <div id="apparatus" class="sigidoc">
            <h4 class="sigidoc">Apparatus</h4>
         </div>
         <div id="translation" class="sigidoc">
            <h4 class="sigidoc">Translation</h4>
            <p>… Бога… помоги…</p>
            <p>... of God... Help...</p>
         </div>
         <div id="commentary" class="sigidoc">
            <h4 class="sigidoc">Commentary</h4>
            <p> Местонахождение памятника, упомянутого Латышевым (1896, 42–43, 46, № 34, 41; 1897, 152) устанавливается предположительно, по единственному упоминанию надписи в Георгиевском монастыре Н.И. Репниковым (Материалы к археологической карте юго-западного нагорья Крыма (РА ИИМК РАН. Ф. 10, № 10. С. 34)). Чтение основано на единственной копии Д.М. Струкова (РА ИИМК РАН. Ф. Р–I, № 619. Л. 6). Остальная часть надписи не поддается дешифровке. Судя по своему положению над могилой, надпись могла быть надгробной. Неясно, какую роль играет в ней инвокация.</p>
            <p>We can speculate about the topographic position of the monument, noted by Latyshev (1896, 42–43, 46, № 34, 41; 1897, 152), only on the basis of a mention made by N.I. Repnikov who says that it was found at St. George monastery (Materials for the archaeological map of the southwest mountains of Crimea (Manuscript Archive, Institute for History of Material Culture, Russian Academy of Sciences, f. 10, № 10, s. 34)). The edition is based on the single transcription of D.M. Strukov (Manuscript Archive, Institute for History of Material Culture, Russian Academy of Sciences, f. Р–I, № 619, l. 6). The rest of the text cannot be deciphered. Judging by its placement over a grave, it was probably an epitaph. The role of invocation in it is unclear.</p>
         </div>
      </div>
   </body>
</html>
