<?xml version="1.0" encoding="UTF-8"?>
<html xmlns:i18n="http://apache.org/cocoon/i18n/2.1">
   <head>
      <title>V 157. Каламита. Kalamita.. Прошение  неизвестного, 
                        XIII–XVIII вв.
                        XIII–XVIIIth centuries C.E.
                     </title>
      <meta http-equiv="content-type" content="text/html; charset=UTF-8"/>
      <link rel="stylesheet"
             type="text/css"
             media="screen, projection"
             href="../xsl/global.css"/>
   </head>
   <body>
      <h1>V 157. Каламита. Kalamita.. Прошение  неизвестного, 
                        XIII–XVIII вв.
                        XIII–XVIIIth centuries C.E.
                     </h1>
      <div id="stone">
         <h3 class="iospe">
            <i18n:text i18n:key="epidoc-xslt-iospe-monument">Monument</i18n:text>
         </h3>
         <dl class="iospe">
            <dt width="150" align="left">
               <i18n:text i18n:key="epidoc-xslt-iospe-monument-type">Type of monument</i18n:text>
            </dt>
            <dd>Скальная стена. Rock wall.</dd>
            <dt width="150" align="left">
               <i18n:text i18n:key="epidoc-xslt-iospe-material">Material</i18n:text>
            </dt>
            <dd>Известняк. Limestone.</dd>
            <dt width="150" align="left">
               <i18n:text i18n:key="epidoc-xslt-iospe-description">Description and condition</i18n:text>
            </dt>
            <dd>Повреждена в верхней части. Damaged at the top.</dd>
         </dl>
         <dl class="iospe">
            <dt width="150" align="left">
               <i18n:text i18n:key="epidoc-xslt-iospe-find-place">Find place</i18n:text>
            </dt>
            <dd>Инкерман. Inkerman.</dd>
            <dt width="150" align="left">
               <i18n:text i18n:key="epidoc-xslt-iospe-find-circumstances">Find circumstances</i18n:text>
            </dt>
            <dd>1870-е гг., обследования Д.М. Струкова. 1870s, survey of D.M. Strukov.</dd>
            <dt width="150" align="left">
               <i18n:text i18n:key="epidoc-xslt-iospe-find-context">Find context</i18n:text>
            </dt>
            <dd>Монастырская скала, монастырь св. Георгия, лестница, восточная стена, над левой усыпальницей (?). Monastyrskaya Rock, monastery of St. George, staircase, east wall, over a sepulchre on the left.</dd>
            <dt width="150" align="left">
               <i18n:text i18n:key="epidoc-xslt-iospe-modern-location">Modern location</i18n:text>
            </dt>
            <dd>
                     Non vidi.
                     Non vidi.
                   
                     In situ (?).
                     In situ (?).
                  </dd>
            <dt width="150" align="left">
               <i18n:text i18n:key="epidoc-xslt-iospe-dimensions">Dimensions</i18n:text>
            </dt>
            <dd>H. 12,0,W. 11,5,</dd>
            <dt width="150" align="left">
               <i18n:text i18n:key="epidoc-xslt-iospe-institution-inventory">Institution and inventory</i18n:text>
            </dt>
            <dd>In situ (?) In situ (?)no inv. no.</dd>
         </dl>
      </div>
      <div id="text-field">
         <h3 class="iospe">
            <i18n:text i18n:key="epidoc-xslt-iospe-inscribed-field">Inscribed field</i18n:text>
         </h3>
         <dl class="iospe">
            <dt width="150" align="left">
               <i18n:text i18n:key="epidoc-xslt-iospe-faces-code">Faces code</i18n:text>
            </dt>
            <dd>f1</dd>
            <dt width="150" align="left">
               <i18n:text i18n:key="epidoc-xslt-iospe-placement-text">Placement of text</i18n:text>
            </dt>
            <dd>
                           На лицевой стороне.
                           On the front.
                        </dd>
            <dt width="150" align="left">
               <i18n:text i18n:key="epidoc-xslt-iospe-style-lettering">Style of lettering</i18n:text>
            </dt>
            <dd/>
            <dt width="150" align="left">
               <i18n:text i18n:key="epidoc-xslt-iospe-letterheights">Letterheights</i18n:text>
            </dt>
            <dd>1,0–4,0.</dd>
         </dl>
      </div>
      <div id="text">
         <h3 class="iospe">
            <i18n:text i18n:key="epidoc-xslt-iospe-text">Text</i18n:text>
         </h3>
         <dl class="iospe">
            <dt>
               <i18n:text i18n:key="epidoc-xslt-iospe-origin">Origin</i18n:text>
            </dt>
            <dd>
                        Каламита.
                        Kalamita.
                     </dd>
            <dt>
               <i18n:text i18n:key="epidoc-xslt-iospe-category">Category</i18n:text>
            </dt>
            <dd>
                     Инвокативная  надпись.
                     Invocative  inscription.
                  </dd>
            <dt>
               <i18n:text i18n:key="epidoc-xslt-iospe-date">Date</i18n:text>
            </dt>
            <dd>
                        XIII–XVIII вв.
                        XIII–XVIIIth centuries C.E.
                     </dd>
            <dt>
               <i18n:text i18n:key="epidoc-xslt-iospe-dating-criteria">Dating criteria</i18n:text>
            </dt>
            <dd>палеография</dd>
            <dt>
               <i18n:text i18n:key="epidoc-xslt-iospe-editions">Editions</i18n:text>
            </dt>
            <dd>
               <div id="bibliography">
                  <h2>bibliography</h2>
                  <p/>
               </div>
            </dd>
         </dl>
         <div id="edition" class="iospe">
            <div id="edition" lang="grc">
               <div class="textpart" lang="grc">
                  <span class="ab">
                     <a id="al1"><!--0--></a>[<span dir="ltr" class="gap">---</span> το]ῦ θ(εο)ῦ <br id="al2"/>[<span dir="ltr" class="gap">c. 8</span>] <br id="al3"/>Βοήθι <br id="al4"/>[<span dir="ltr" class="gap">c. 5</span>]. </span>
               </div>
            </div>
         </div>
         <div id="apparatus" class="iospe">
            <h4 class="iospe">
               <i18n:text i18n:key="epidoc-xslt-iospe-apparatus">Apparatus</i18n:text>
            </h4>
         </div>
         <div id="translation" class="iospe">
            <h4 class="iospe">
               <i18n:text i18n:key="epidoc-xslt-iospe-translation">Translation</i18n:text>
            </h4>
            <p>… Бога… помоги…</p>
            <p>... of God... Help...</p>
         </div>
         <div id="commentary" class="iospe">
            <h4 class="iospe">
               <i18n:text i18n:key="epidoc-xslt-iospe-commentary">Commentary</i18n:text>
            </h4>
            <p> Местонахождение памятника, упомянутого Латышевым (1896, 42–43, 46, № 34, 41; 1897, 152) устанавливается предположительно, по единственному упоминанию надписи в Георгиевском монастыре Н.И. Репниковым (Материалы к археологической карте юго-западного нагорья Крыма (РА ИИМК РАН. Ф. 10, № 10. С. 34)). Чтение основано на единственной копии Д.М. Струкова (РА ИИМК РАН. Ф. Р–I, № 619. Л. 6). Остальная часть надписи не поддается дешифровке. Судя по своему положению над могилой, надпись могла быть надгробной. Неясно, какую роль играет в ней инвокация.</p>
            <p>We can speculate about the topographic position of the monument, noted by Latyshev (1896, 42–43, 46, № 34, 41; 1897, 152), only on the basis of a mention made by N.I. Repnikov who says that it was found at St. George monastery (Materials for the archaeological map of the southwest mountains of Crimea (Manuscript Archive, Institute for History of Material Culture, Russian Academy of Sciences, f. 10, № 10, s. 34)). The edition is based on the single transcription of D.M. Strukov (Manuscript Archive, Institute for History of Material Culture, Russian Academy of Sciences, f. Р–I, № 619, l. 6). The rest of the text cannot be deciphered. Judging by its placement over a grave, it was probably an epitaph. The role of invocation in it is unclear.</p>
         </div>
      </div>
   </body>
</html>
