<?xml version="1.0" encoding="UTF-8"?>
<div xmlns:xs="http://www.w3.org/2001/XMLSchema">
   <html xmlns:fn="http://www.w3.org/2005/xpath-functions">
      <head>
         <title>5.157</title>
         <meta http-equiv="content-type" content="text/html; charset=UTF-8"/>
         <link rel="stylesheet"
                type="text/css"
                media="screen, projection"
                href="../xsl/global.css"/>
      </head>
      <body>
         <h1>5.157</h1>
         <div id="creta-inscription-body" class="creta">
            <div id="title" class="creta">
               <h1>Прошение ? неизвестногоInvocation ? of an unknown</h1>
            </div>
            <div id="descriptive_lemma" class="creta">
               <p>
                  <b>Tipologia documentaria: </b> Инвокативная ? надпись. Invocative ? inscription. </p>
               <p>
                  <b>Supporto: </b> Скальная стена. Rock wall. Известняк. Limestone. <p>Повреждена в верхней части.</p>
                  <p>Damaged at the top.</p> 12,0 11,5 </p>
               <p>
                  <b>Disposizione del testo: </b>
                           На лицевой стороне.
                           On the front.
                        </p>
               <p>
                  <b>Scrittura: </b>h. 1,0–4,0.</p>
               <p>
                  <b>Datazione: </b>
                        XIII–XVIII вв.
                        XIII–XVIIIth centuries C.E.
                     </p>
               <p>
                  <b>Provenienza: </b> Каламита. Kalamita. </p>
               <p>
                  <b>Luogo di ritrovamento: </b> Инкерман. 1870-е гг., обследования Д.М. Струкова. Монастырская скала, монастырь св. Георгия, лестница, восточная стена, над левой усыпальницей (?). Inkerman. 1870s, survey of D.M. Strukov. Monastyrskaya Rock, monastery of St. George, staircase, east wall, over a sepulchre on the left. </p>
               <p>
                  <b>Collocazione attuale: </b>In situ (?)In situ (?)</p>
            </div>
            <div id="bibliography" class="creta">
               <p/>
            </div>
            <div id="edition" class="creta">
               <div id="edition" lang="grc">
                  <div class="textpart" lang="grc">
                     <span class="ab">
                        <a id="al1"><!--0--></a>[<span dir="ltr" class="gap">---</span> το]ῦ θ(εο)ῦ <br id="al2"/>[<span dir="ltr" class="gap">c. 8</span>] <br id="al3"/>Βοήθι <br id="al4"/>[<span dir="ltr" class="gap">c. 5</span>]. </span>
                  </div>
               </div>
            </div>
            <div id="translation" class="creta">
               <p>… Бога… помоги…</p>
               <p>... of God... Help...</p>
            </div>
            <div id="commentary" class="creta">
               <p> Местонахождение памятника, упомянутого Латышевым (1896, 42–43, 46, № 34, 41; 1897, 152) устанавливается предположительно, по единственному упоминанию надписи в Георгиевском монастыре Н.И. Репниковым (Материалы к археологической карте юго-западного нагорья Крыма (РА ИИМК РАН. Ф. 10, № 10. С. 34)). Чтение основано на единственной копии Д.М. Струкова (РА ИИМК РАН. Ф. Р–I, № 619. Л. 6). Остальная часть надписи не поддается дешифровке. Судя по своему положению над могилой, надпись могла быть надгробной. Неясно, какую роль играет в ней инвокация.</p>
               <p>We can speculate about the topographic position of the monument, noted by Latyshev (1896, 42–43, 46, № 34, 41; 1897, 152), only on the basis of a mention made by N.I. Repnikov who says that it was found at St. George monastery (Materials for the archaeological map of the southwest mountains of Crimea (Manuscript Archive, Institute for History of Material Culture, Russian Academy of Sciences, f. 10, № 10, s. 34)). The edition is based on the single transcription of D.M. Strukov (Manuscript Archive, Institute for History of Material Culture, Russian Academy of Sciences, f. Р–I, № 619, l. 6). The rest of the text cannot be deciphered. Judging by its placement over a grave, it was probably an epitaph. The role of invocation in it is unclear.</p>
            </div>
         </div>
      </body>
   </html>
</div>
