<?xml version="1.0" encoding="UTF-8"?>
<html xmlns:fn="http://www.w3.org/2005/xpath-functions"
       xmlns:i18n="http://apache.org/cocoon/i18n/2.1"
       xmlns:kiln="http://www.kcl.ac.uk/artshums/depts/ddh/kiln/ns/1.0">
   <head>
      <title>A00300.  Caption for image of Noah</title>
      <meta http-equiv="content-type" content="text/html; charset=UTF-8"/>
      <link rel="stylesheet"
             type="text/css"
             media="screen, projection"
             href="../xsl/global.css"/>
   </head>
   <body>
      <h1>A00300.  Caption for image of Noah</h1>
      <div id="full-edition">
         <div id="edition-text">
            <div id="source-description">
               <p>
                  <b>Description: </b>Mosaic floor.</p>
               <p>
                  <b>Text: </b>
                           Mosaic lettering, in a panel representing Noah as he
                           releases the dove from the Ark.
                        </p>
               <p>
                  <b>Letters: </b> 0.09; lunate epsilon, omega. </p>
               <p>
                  <b>Date: </b>Sixth century A.D. (mosaic)</p>
               <p>
                  <b>Findspot: </b>
                  <a href="http://pleiades.stoa.org/places/373732" target="_blank">Apollonia</a>:
                              East Church: on the floor
                        of the south transept; found in 1920.</p>
               <p>
                  <b>Original location: </b>Findspot.</p>
               <p>
                  <b>Last recorded location: </b>
                              Apollonia Museum.
                        </p>
            </div>
            <div class="section-container tabs" data-section="tabs">
               <section>
                  <p class="title" data-section-title="data-section-title">
                     <a href="#">Interpretive</a>
                  </p>
                  <div class="content"
                        id="edition"
                        data-section-content="data-section-content">
                     <div id="edition" lang="grc">
                        <div class="textpart" lang="grc">
                           <span class="ab">
                              <a id="al1"><!--0--></a>Νῶε </span>
                        </div>
                     </div>
                  </div>
               </section>
               <section>
                  <p class="title" data-section-title="data-section-title">
                     <a href="#">Diplomatic</a>
                  </p>
                  <div class="content"
                        id="diplomatic"
                        data-section-content="data-section-content">
                     <div id="edition" lang="grc">
                        <div class="textpart" lang="grc">
                           <span class="ab">
                              <a id="al1"><!--0--></a>ΝΩΕ</span>
                        </div>
                     </div>
                  </div>
               </section>
            </div>
            <div id="translation">
               <h3>Translation</h3>
               <p>Noah.</p>
            </div>
            <div id="commentary">
               <h3>Commentary</h3>
               <p>This is, so far, the only church mosaic in Cyrenaica to show a biblical scene. Rosenbaum discussed its depiction of Noah releasing from the ark, arguing that it is is rather old-fashioned for the time.</p>
            </div>
            <p>
               <b>Bibliography: </b>jmr1960 9, whence <i xmlns:html="http://www.w3.org/1999/html">SEG</i> 18.760 (= <i xmlns:html="http://www.w3.org/1999/html">PHI</i> 324459); jmr19763 and pl. LVII; jmr1980p. 150, with plate, and discussion at 61, whence <i xmlns:html="http://www.w3.org/1999/html">SEG</i> 30.1782 (= <i xmlns:html="http://www.w3.org/1999/html">PHI</i> 324530); jmr-jbwp-rgg2003 57.1. <br/>
               <b>Text constituted from: </b>Transcription (Reynolds).</p>
         </div>
         <div id="edition-images-maps">
            <div id="images">
               <h3>Images</h3>
               <p>None available.</p>
            </div>
         </div>
      </div>
   </body>
</html>
