<?xml version="1.0" encoding="UTF-8"?>
<div xmlns:xs="http://www.w3.org/2001/XMLSchema">
   <div id="facsimile-images">
      <h2>Facsimile Images</h2>
   </div>
   <div id="bibliography">
      <h3>Bibliography</h3>
      <p> 9, whence SEG 18.760 (= PHI 324459); 3 and pl. LVII; p. 150, with plate, and discussion at 61, whence SEG 30.1782 (= PHI 324530); 57.1. </p>
   </div>
   <div id="edition" lang="grc">
      <div class="textpart" lang="grc">
         <span class="ab">
            <a id="al1"><!--0--></a>Νῶε </span>
      </div>
   </div>
   <div id="translation">
      <h2> translation</h2>
      <p>Noah.</p>
   </div>
   <div id="commentary">
      <h3>Commentary</h3>
      <p>This is, so far, the only church mosaic in Cyrenaica to show a biblical scene. Rosenbaum discussed its depiction of Noah releasing from the ark, arguing that it is is rather old-fashioned for the time.</p>
   </div>
   <div id="license">
      <p>Creative Commons licence Attribution UK 2.0 (http://creativecommons.org/licenses/by/2.0/uk/)</p>
      <p>All reuse or distribution of this work must contain somewhere a link back to the URL http://inslib.kcl.ac.uk/ </p>
   </div>
</div>
