<?xml version="1.0" encoding="UTF-8"?>
<div xmlns:xs="http://www.w3.org/2001/XMLSchema">
   <html xmlns:fn="http://www.w3.org/2005/xpath-functions">
      <head>
         <title>A00300</title>
         <meta http-equiv="content-type" content="text/html; charset=UTF-8"/>
         <link rel="stylesheet"
                type="text/css"
                media="screen, projection"
                href="../xsl/global.css"/>
      </head>
      <body>
         <h1>A00300</h1>
         <div id="creta-inscription-body" class="creta">
            <div id="title" class="creta">
               <h1> Caption for image of Noah</h1>
            </div>
            <div id="descriptive_lemma" class="creta">
               <p>
                  <b>Tipologia documentaria: </b>?</p>
               <p>
                  <b>Supporto: </b>
                  <p>Mosaic floor.</p>
               </p>
               <p>
                  <b>Disposizione del testo: </b>
                           Mosaic lettering, in a panel representing Noah as he
                           releases the dove from the Ark.
                        </p>
               <p>
                  <b>Scrittura: </b>h. 0.09</p>
               <p>
                  <b>Datazione: </b>Sixth century A.D.</p>
               <p>
                  <b>Provenienza: </b>Findspot.</p>
               <p>
                  <b>Luogo di ritrovamento: </b>
                  <p> Apollonia: East Church: on the floor of the south transept; found in 1920.</p>
               </p>
               <p>
                  <b>Collocazione attuale: </b>?</p>
            </div>
            <div id="bibliography" class="creta">
               <p> 9,  whence
                    <i xmlns:html="http://www.w3.org/1999/html">SEG</i> 18.760
               (= <i xmlns:html="http://www.w3.org/1999/html">PHI</i> 324459); 
               3 and pl. LVII;
               p. 150, with plate, and discussion at 61, whence
               <i xmlns:html="http://www.w3.org/1999/html">SEG</i> 30.1782
               (= <i xmlns:html="http://www.w3.org/1999/html">PHI</i> 324530);
                57.1.
               </p>
            </div>
            <div id="edition" class="creta">
               <div id="edition" lang="grc">
                  <div class="textpart" lang="grc">
                     <span class="ab">
                        <a id="al1"><!--0--></a>Νῶε </span>
                  </div>
               </div>
            </div>
            <div id="translation" class="creta">
               <p>Noah.</p>
            </div>
            <div id="commentary" class="creta">
               <p>This is, so far, the only church mosaic in Cyrenaica to show a biblical scene. Rosenbaum discussed its depiction of Noah releasing from the ark, arguing that it is is rather old-fashioned for the time.</p>
            </div>
         </div>
      </body>
   </html>
</div>
