<?xml version="1.0" encoding="UTF-8"?>
<html xmlns:i18n="http://apache.org/cocoon/i18n/2.1">
   <head>
      <title>Funerary fragment</title>
      <meta http-equiv="content-type" content="text/html; charset=UTF-8"/>
      <link rel="stylesheet"
             type="text/css"
             media="screen, projection"
             href="../xsl/global.css"/>
   </head>
   <body>
      <h1>Funerary fragment</h1>
      <div id="stone">
         <h3 class="iospe">
            <i18n:text i18n:key="epidoc-xslt-iospe-monument">Monument</i18n:text>
         </h3>
         <dl class="iospe">
            <dt width="150" align="left">
               <i18n:text i18n:key="epidoc-xslt-iospe-monument-type">Type of monument</i18n:text>
            </dt>
            <dd>stele</dd>
            <dt width="150" align="left">
               <i18n:text i18n:key="epidoc-xslt-iospe-material">Material</i18n:text>
            </dt>
            <dd>limestone</dd>
            <dt width="150" align="left">
               <i18n:text i18n:key="epidoc-xslt-iospe-description">Description and condition</i18n:text>
            </dt>
            <dd>Fragment from the lower part of a limestone stele 
                              (
                                 0.21
                                 0.19
                                 0.10
                              ).</dd>
         </dl>
         <dl class="iospe">
            <dt width="150" align="left">
               <i18n:text i18n:key="epidoc-xslt-iospe-find-place">Find place</i18n:text>
            </dt>
            <dd>Cyrene</dd>
            <dt width="150" align="left">
               <i18n:text i18n:key="epidoc-xslt-iospe-find-circumstances">Find circumstances</i18n:text>
            </dt>
            <dd>
               <i18n:text i18n:key="epidoc-xslt-iospe-unknown">Unknown</i18n:text>
            </dd>
            <dt width="150" align="left">
               <i18n:text i18n:key="epidoc-xslt-iospe-find-context">Find context</i18n:text>
            </dt>
            <dd>
               <i18n:text i18n:key="epidoc-xslt-iospe-unknown">Unknown</i18n:text>
            </dd>
            <dt width="150" align="left">
               <i18n:text i18n:key="epidoc-xslt-iospe-modern-location">Modern location</i18n:text>
            </dt>
            <dd>
                           
                              Cyrene Museum.
                        </dd>
            <dt width="150" align="left">
               <i18n:text i18n:key="epidoc-xslt-iospe-dimensions">Dimensions</i18n:text>
            </dt>
            <dd>
               <i18n:text i18n:key="epidoc-xslt-iospe-unknown">Unknown</i18n:text>
            </dd>
            <dt width="150" align="left">
               <i18n:text i18n:key="epidoc-xslt-iospe-institution-inventory">Institution and inventory</i18n:text>
            </dt>
            <dd>
               <i18n:text i18n:key="epidoc-xslt-iospe-unknown">Unknown</i18n:text>
            </dd>
         </dl>
      </div>
      <div id="text-field">
         <h3 class="iospe">
            <i18n:text i18n:key="epidoc-xslt-iospe-inscribed-field">Inscribed field</i18n:text>
         </h3>
         <dl class="iospe">
            <dt width="150" align="left">
               <i18n:text i18n:key="epidoc-xslt-iospe-placement-text">Placement of text</i18n:text>
            </dt>
            <dd>Inscribed on one face within an incised panel 
                           (
                              0.14
                              0.115
                           ).</dd>
            <dt width="150" align="left">
               <i18n:text i18n:key="epidoc-xslt-iospe-style-lettering">Style of lettering</i18n:text>
            </dt>
            <dd/>
            <dt width="150" align="left">
               <i18n:text i18n:key="epidoc-xslt-iospe-letterheights">Letterheights</i18n:text>
            </dt>
            <dd>0.02</dd>
         </dl>
      </div>
      <div id="text">
         <h3 class="iospe">
            <i18n:text i18n:key="epidoc-xslt-iospe-text">Text</i18n:text>
         </h3>
         <dl class="iospe">
            <dt>
               <i18n:text i18n:key="epidoc-xslt-iospe-origin">Origin</i18n:text>
            </dt>
            <dd>Unknown.</dd>
            <dt>
               <i18n:text i18n:key="epidoc-xslt-iospe-category">Category</i18n:text>
            </dt>
            <dd>
               <i18n:text i18n:key="epidoc-xslt-iospe-not-specified">Not specified</i18n:text>
            </dd>
            <dt>
               <i18n:text i18n:key="epidoc-xslt-iospe-date">Date</i18n:text>
            </dt>
            <dd>First - third century A.D.</dd>
            <dt>
               <i18n:text i18n:key="epidoc-xslt-iospe-dating-criteria">Dating criteria</i18n:text>
            </dt>
            <dd>lettering</dd>
            <dt>
               <i18n:text i18n:key="epidoc-xslt-iospe-editions">Editions</i18n:text>
            </dt>
            <dd>
               <div id="bibliography">
                  <h3>Bibliography</h3>
                  <p/>
               </div>
            </dd>
         </dl>
         <div id="edition" class="iospe">
            <div id="edition" lang="grc">
               <div class="textpart" lang="grc">
                  <span class="ab">
                     <a id="al0"><!--0--></a>[<span dir="ltr" class="gap">------</span>] <br id="al1"/>Εὐ[<span dir="ltr" class="gap">---</span>] <br id="al2"/>Ἰουλ[ίου?] <br id="al3"/>ις´ </span>
               </div>
            </div>
         </div>
         <div id="apparatus" class="iospe">
            <h4 class="iospe">
               <i18n:text i18n:key="epidoc-xslt-iospe-apparatus">Apparatus</i18n:text>
            </h4>
         </div>
         <div id="translation" class="iospe">
            <h4 class="iospe">
               <i18n:text i18n:key="epidoc-xslt-iospe-translation">Translation</i18n:text>
            </h4>
            <p/>
         </div>
         <div id="commentary" class="iospe">
            <h4 class="iospe">
               <i18n:text i18n:key="epidoc-xslt-iospe-commentary">Commentary</i18n:text>
            </h4>
            <p>Aged 16.</p>
         </div>
      </div>
   </body>
</html>
