<?xml version="1.0" encoding="UTF-8"?>
<html>
   <head>
      <title>Надгробие Эсхина Epitaph of Aischinas</title>
      <meta http-equiv="content-type" content="text/html; charset=UTF-8"/>
      <link rel="stylesheet"
             type="text/css"
             media="screen, projection"
             href="../xsl/global.css"/>
   </head>
   <body>
      <h1>Надгробие Эсхина Epitaph of Aischinas</h1>
      <p>
         <b>Edition: </b>
      </p>
      <p>
         <b>Description: </b>Верхняя часть стелы с карнизом с антефиксами. Лицевая
                              грань украшена рельефными розетками. Между карнизом и розетками  без
                              предварительной разметки вырезана двухстрочная надпись. Под розетками
                              коричневой краской нанесено изображение суковатого посоха.Upper part of a stele bearing cornice with antefixes. On the front - two relief rosettes. Between the cornice and 
                              rosettes - a two-line inscription is carved {без предварительной разметки}. Below the rosettes - knobbly stick painted in brown.<br/>
         <b>Text: </b>
         <br/>
         <b>Letters: </b>
                        Омикрон немного меньше остальных букв, правая вертикаль
                           ню слегка приподнята, сигма с расходящимися верхней и нижней гастами,
                           слегка изогнутые линии отдельных букв, слабые утолщения на концах линий
                           букв. Надпись вырезана достаточно небрежно, без предварительной
                           разметки.
                        Omicron smaller than other letters, nu with short right
                           vertical, four-bar sigma with splayed bars, 
                        1,8
                     </p>
      <p>
         <b>Date: </b>
                        Кон. IV - 1-я пол. III в. до н.э.
                        Late IVth - 1st half of IIIrd century B.C.E.
                     </p>
      <p>
         <b>Findspot: </b>
                        Севастополь (Херсонес).
                        Найдена в 1960 г. Раскопки С.Ф. Стржелецкого (НА НЗХТ, д. 30).
                        Юго-восточный район Херсонеса, оборонительные стены, ядро башни XVII (башня Зенона), кладка.
                        Sevastopol (Chersonesos).
                        Found in 1960, excavations of S.F. Strzheletsky (НА НЗХТ, д. 30).
                        Southeast sector of Chersonesos, fortification walls, Tower XVII ("Zeno's Tower"), masonry.
                  <br/>
         <b>Original location: </b>
                        Херсонес.
                        Chersonesos.
                     <br/>
         <b>Last recorded location: </b>
                     Санкт-Петербург, Россия.
                     St Petersburg, Russia
                  </p>
      <div id="edition">
         <p>
            <b>Edition:</b>
         </p>
         <div id="edition" lang="grc">
            <div class="textpart" lang="grc">
               <span class="ab">
                  <a id="al1"><!--0--></a>Αἰσχίνας <br id="al2"/>Γέροντος. </span>
            </div>
         </div>
      </div>
      <div id="apparatus">
         <div id="apparatus">
            <h2>Apparatus</h2>
            <p>
               <span class="">
                  <span/>
               </span>
            </p>
         </div>
      </div>
      <div id="translation">
         <h4 class="slimmer">Translation:</h4>
         <p>Эсхин, (сын) Геронта.</p>
         <p>Aischinas, (son of) Geron.</p>
      </div>
      <div id="commentary">
         <h4 class="slimmer">Commentary:</h4>
         <p>Согласно атрибуции Posamentir 2011, 38 стела относится к «кругу мастерской Санниона». Другие примеры использования этих личных имен в Херсонесе см. LGPN IV.</p>
         <p/>
      </div>
   </body>
</html>
