<?xml version="1.0" encoding="UTF-8"?>
<html xmlns:i18n="http://apache.org/cocoon/i18n/2.1">
   <head>
      <title>PE3000196. Метрическая эпитафияMetrical epitaph</title>
      <meta http-equiv="content-type" content="text/html; charset=UTF-8"/>
      <link rel="stylesheet"
             type="text/css"
             media="screen, projection"
             href="../xsl/global.css"/>
   </head>
   <body>
      <h1>PE3000196. Метрическая эпитафияMetrical epitaph</h1>
      <div id="metadata">
         <p>
            <b>Description: </b>Обломана со всех сторон. Лицевой фас плиты тщательно
                              обработан, тыльная сторона плиты обработана суммарно. На лицевой
                              стороне сохранилось двенадцать строк надписи, вырезанной по
                              предварительной разметке. </p>
         <p>
            <b>Material: </b>Мрамор.Marble.</p>
         <p>
            <b>Object type: </b>Плита.Panel.</p>
         <p>
            <b>Dimensions: </b>w 17,0 cm x h 26,0 cm x d 7,5 cm </p>
         <p>
            <b>Text: </b>
         </p>
         <p>
            <b>Letters: </b> Буквы вырезаны глубоко, некоторые из них слегка наклонены вправо, правая гаста дельты и лямбды выступает за пересечение с левой гастой, тета с не доходящей до краев окружности перекладиной, линии некоторых букв слегка изогнуты, крупные апексы на концах линий букв. Deeply cut letters, some slightly lean to the right, alpha and delta with projecting right diagonal 1,0 </p>
         <p>
            <b>Date: </b> II в. н.э. IInd century C.E.  (палеография)</p>
         <p>
            <b>Findspot: </b> Севастополь (Херсонес). Найдена в 1987 г. в юго-восточном районе херсонесского городища на участке «цитадели» в засыпи куртины 19 оборонительной стены. Раскопки И.А. Антоновой. Sevastopol (Chersonesos). Found in.... </p>
         <p>
            <b>Original location: </b> Херсонес. Chersonesos. </p>
         <p>
            <b>Current repository: </b>Национальный заповедник "Херсонес Таврический" (inv. no. 30/37193), National Preserve of Tauric Chersonesos (inv. no. 30/37193)</p>
         <p>
            <b>Last recorded location(s): </b> Севастополь. Sevastopol. </p>
         <p>
            <b>Text type: </b> Надгробная надпись. Epitaph. </p>
         <p>
            <b>Summary: </b> Надгробная надпись. Epitaph. </p>
      </div>
      <div id="file_metadata">
         <p>
            <b>Editor(s): </b>ИринаПолинскаяIrenePolinskaya (translator)</p>
         <p>
            <b>Changes history: </b>2015-11-05 CB Added origDate; 2015-10-27 CB correcting app crit; 2015-09-01 CB app crit; 2015-08-24 CB Metadata and app crit; 2015-07-15 KK Add photo file name; 2015-06-26 CB Tagging metadata; 2015-05-08 AGi programmatically created XML from Word docs; 2015-05-14 AV programmatically tagging Greek words from Word
            docs</p>
         <p>
            <b>Publication details: </b>King's College London</p>
      </div>
      <div class="section-container tabs" data-section="tabs">
         <section>
            <p class="title" data-section-title="data-section-title">
               <a href="#">Interpretive</a>
            </p>
            <div class="content"
                  id="edition"
                  data-section-content="data-section-content">
               <div id="edition" lang="grc">
                  <div class="textpart" lang="grc">
                     <span class="ab">
                        <a id="al0"><!--0--></a>
                        <span dir="ltr">( vac. )</span>
                        <br id="al1"/>
                        <div class="textpart" lang="grc">[<span dir="ltr" class="gap">------</span>? ἔκρυψ]ε̣ χ̣θὼν μὲν ΡΑ[<span dir="ltr" class="gap">---</span>] <br id="al2"/>[<span dir="ltr" class="gap">------</span>σῶ]μ̣'̣ ὑποδεξαμέν̣[α <span dir="ltr" class="gap">------</span>]</div>
                        <br id="al3"/>
                        <div class="textpart" lang="grc">[<span dir="ltr" class="gap">------</span> ψυχὰ] πταμένα ποτ’ Ὄλυμ̣[πον] <br id="al4"/>[<span dir="ltr" class="gap">------</span> μ]ε&lt;λ&gt;ισταγέος <span dir="ltr">( vac. )</span>.</div>
                        <br id="al5"/>
                        <span class="linenumber">5</span>
                        <div class="textpart" lang="grc">[<span dir="ltr" class="gap">------</span> Ἀίδας?] ε̣ὐνὰς ἐπόρεξε ταν̣[ύσας <span dir="ltr" class="gap">---</span>] <br id="al6"/>[<span dir="ltr" class="gap">------</span> ο]ἴμου <span dir="ltr">( vac. 4)</span>. ἐπουρα̣ν[ίων <span dir="ltr" class="gap">---</span>]</div>
                        <br id="al7"/>
                        <div class="textpart" lang="grc">[<span dir="ltr" class="gap">------</span>] ὑπὸ δαίμονος ἁρπ̣[α<span dir="ltr" class="gap">------</span>] <br id="al8"/>[<span dir="ltr" class="gap">------</span> θεᾷ π]ε̣ίθεθ’ ὑποχθονίᾳ <span dir="ltr">( vac. )</span>
                        </div>
                        <br id="al9"/>
                        <div class="textpart" lang="grc">[<span dir="ltr" class="gap">------</span>]ΛΛΟΣ ἔφυ ΚΑΚΟ[<span dir="ltr" class="gap">.</span>]Η[<span dir="ltr" class="gap">---</span>] <br id="al10"/>
                           <span class="linenumber">10</span>[<span dir="ltr" class="gap">------</span>]Σ φωτὸς ΙΔΜ[<span dir="ltr" class="gap">---</span>]</div>
                        <br id="al11"/>
                        <div class="textpart" lang="grc">[<span dir="ltr" class="gap">------</span> Ἄιδο]ς ἀστεμφέο[ς <span dir="ltr" class="gap">---</span>] <br id="al12"/>[<span dir="ltr" class="gap">------</span> π]ά̣γχυ ποιή̣[σας? <span dir="ltr" class="gap">---</span>]</div>
                        <br id="al13"/>
                        <span dir="ltr">( vac. )</span>
                     </span>
                  </div>
               </div>
            </div>
         </section>
         <section>
            <p class="title" data-section-title="data-section-title">
               <a href="#">Diplomatic</a>
            </p>
            <div class="content"
                  id="diplomatic"
                  data-section-content="data-section-content">
               <div id="edition" lang="grc">
                  <div class="textpart" lang="grc">
                     <span class="ab">
                        <a id="al0"><!--0--></a>      <br id="al1"/>
                        <div class="textpart" lang="grc">[<span dir="ltr" class="gap">------</span>?.....]..ΘΩΝΜΕΝΡΑ[<span dir="ltr" class="gap">---</span>]<br id="al2"/>[<span dir="ltr" class="gap">------</span>..]..ΥΠΟΔΕΞΑΜΕ.[.<span dir="ltr" class="gap">------</span>]</div>
                        <br id="al3"/>
                        <div class="textpart" lang="grc">[<span dir="ltr" class="gap">------</span>....]ΠΤΑΜΕΝΑΠΟΤΟΛΥ.[...]<br id="al4"/>[<span dir="ltr" class="gap">------</span>.]ΕΙΣΤΑΓΕΟΣ      </div>
                        <br id="al5"/>
                        <span class="linenumber">5</span>
                        <div class="textpart" lang="grc">[<span dir="ltr" class="gap">------</span>.....].ΥΝΑΣΕΠΟΡΕΞΕΤΑ.[....<span dir="ltr" class="gap">---</span>]<br id="al6"/>[<span dir="ltr" class="gap">------</span>.]ΙΜΟΥ        ΕΠΟΥΡ.Ν[...<span dir="ltr" class="gap">---</span>]</div>
                        <br id="al7"/>
                        <div class="textpart" lang="grc">[<span dir="ltr" class="gap">------</span>]ΥΠΟΔΑΙΜΟΝΟΣΑΡ.[.<span dir="ltr" class="gap">------</span>]<br id="al8"/>[<span dir="ltr" class="gap">------</span>....].ΙΘΕΘΥΠΟΧΘΟΝΙΑ      </div>
                        <br id="al9"/>
                        <div class="textpart" lang="grc">[<span dir="ltr" class="gap">------</span>]ΛΛΟΣΕΦΥΚΑΚΟ[<span dir="ltr" class="gap">·</span>]Η[<span dir="ltr" class="gap">---</span>]<br id="al10"/>
                           <span class="linenumber">10</span>[<span dir="ltr" class="gap">------</span>]ΣΦΩΤΟΣΙΔΜ[<span dir="ltr" class="gap">---</span>]</div>
                        <br id="al11"/>
                        <div class="textpart" lang="grc">[<span dir="ltr" class="gap">------</span>....]ΣΑΣΤΕΜΦΕΟ[.<span dir="ltr" class="gap">---</span>]<br id="al12"/>[<span dir="ltr" class="gap">------</span>.].ΓΧΥΠΟΙ.[...<span dir="ltr" class="gap">---</span>]</div>
                        <br id="al13"/>      </span>
                  </div>
               </div>
            </div>
         </section>
      </div>
      <div id="apparatus">
         <div id="apparatus">
            <h2>Apparatus</h2>
            <p>
               <span class="">
                  <span>В конце стк. 4 и 8 vacat обозначает, очевидно, окончание пентаметра.</span>
               </span> || <span class="1">
                  <span>в конце строки видна нижняя часть вертикали и следы косой гасты (возможно, Ν, Κ, Μ, Λ).</span>
               </span>
               <br/>
               <span class="3">3: <span>в конце строки след от косой черты, вероятно, M.</span>
               </span>
               <br/>
               <span class="3/4">3/4: <span>e.g.</span> [ἀθάνατος δ’ αἰεὶ ψυχὰ] πταμένα ποτ’ Ὄλυμ̣[πον | ναιετάει χώρου δῶμα μ]ε[λ]ισταγέος. </span>
               <br/>
               <span class="4">4: ΕΔΙΣΤΑΓΕΟΣ <span>lapis.</span>
               </span>
               <br/>
               <span class="7">7: <span>в начале строки след неопределенной буквы (T ?);</span>
                  <span>fin.:</span>ἁρπ̣[ασθέντι] <span>vel</span> ἁρπ̣[ασθεῖσα] </span>
               <br/>
               <span class="9">9: <span>в конце строки вероятна S.</span>
               </span>
               <br/>
               <span class="10">10: <span>e.g.</span> φωτὸς ἴδμ̣[ονος εὐσεβίας] </span> || <span class="10">
                  <span>в конце строки, вероятно, M или A.</span>
               </span>
               <br/>
               <span class="11">11: <span>cf. GV 15124: </span>ἀστημφὴς Ἀίδης. </span>
               <br/>
               <span class="12">12: <span>от последней буквы сохранилась вертикальная гаста (H ?).</span>
               </span>
            </p>
         </div>
      </div>
      <div id="translation">
         <h3>Translation (Russian)</h3>
         <p>[--- Аид] широко расстелил (свое) ложе, --- дороги бессмертных, --- похищенному роком, --- повиновался подземной [богине ---].</p>
         <h3>Translation (English)</h3>
         <p/>
      </div>
      <div id="commentary">
         <h3>Commentary </h3>
         <p> Метрически завершение укороченных строк 4 и 8 соответствует одной и той же схеме: –∪∪–, что указывает на окончание пентаметра.</p>
         <p>II в. н.э. (вероятно, вторая треть II в. н.э.).</p>
         <h3>Commentary </h3>
         <p>II century C.E. (probably middle of II century).</p>
      </div>
      <div id="bibliography">
         <h3>Bibliography
          </h3>
         <ul> bib:b0505 113 (bib:SEG 59, 815 bib:BE 2010, 463) </ul>
         <h3>Bibliography
           (commentaries)</h3>
         <ul> </ul>
      </div>
      <div id="images">
         <h3>Images</h3>
         <span> </span>
         <a href="30.231">
            <img title=" " src="30-thumb.231"/>
         </a>
         <span> </span>
         <strong>Fig. 1</strong>. <br/>
         <br/>
      </div>
   </body>
</html>
