<?xml version="1.0" encoding="UTF-8"?>
<div xmlns:xs="http://www.w3.org/2001/XMLSchema">
   <html xmlns:i18n="http://apache.org/cocoon/i18n/2.1">
      <head>
         <title>Надгробие Эсхина Epitaph of Aischinas</title>
         <meta http-equiv="content-type" content="text/html; charset=UTF-8"/>
         <link rel="stylesheet"
                type="text/css"
                media="screen, projection"
                href="../xsl/global.css"/>
      </head>
      <body>
         <h1>Надгробие Эсхина Epitaph of Aischinas</h1>
         <div id="stone">
            <h3 class="ecg">
               <i18n:text i18n:key="epidoc-xslt-ecg-monument">Monument</i18n:text>
            </h3>
            <dl class="ecg">
               <dt width="150" align="left">
                  <i18n:text i18n:key="epidoc-xslt-ecg-monument-type">Type of monument</i18n:text>
               </dt>
               <dd>Стела. Stele.</dd>
               <dt width="150" align="left">
                  <i18n:text i18n:key="epidoc-xslt-ecg-material">Material</i18n:text>
               </dt>
               <dd>Известняк. Limestone.</dd>
               <dt width="150" align="left">
                  <i18n:text i18n:key="epidoc-xslt-ecg-description">Description and condition</i18n:text>
               </dt>
               <dd>Верхняя часть стелы с карнизом с антефиксами. Лицевая
                              грань украшена рельефными розетками. Между карнизом и розетками  без
                              предварительной разметки вырезана двухстрочная надпись. Под розетками
                              коричневой краской нанесено изображение суковатого посоха. Upper part of a stele bearing cornice with antefixes. On the front - two relief rosettes. Between the cornice and 
                              rosettes - a two-line inscription is carved {без предварительной разметки}. Below the rosettes - knobbly stick painted in brown.</dd>
            </dl>
            <dl class="ecg">
               <dt width="150" align="left">
                  <i18n:text i18n:key="epidoc-xslt-ecg-find-place">Find place</i18n:text>
               </dt>
               <dd>Севастополь
                           (Херсонес). Sevastopol (Chersonesos).</dd>
               <dt width="150" align="left">
                  <i18n:text i18n:key="epidoc-xslt-ecg-find-circumstances">Find circumstances</i18n:text>
               </dt>
               <dd>Найдена в 1960 г. Раскопки
                           С.Ф. Стржелецкого (НА НЗХТ, д. 30). Found in 1960, excavations of S.F. Strzheletsky (НА НЗХТ, д. 30).</dd>
               <dt width="150" align="left">
                  <i18n:text i18n:key="epidoc-xslt-ecg-find-context">Find context</i18n:text>
               </dt>
               <dd>Юго-восточный район Херсонеса, оборонительные стены, ядро башни XVII (башня Зенона), кладка. Southeast sector of Chersonesos, fortification walls, Tower XVII ("Zeno's Tower"), masonry.</dd>
               <dt width="150" align="left">
                  <i18n:text i18n:key="epidoc-xslt-ecg-modern-location">Modern location</i18n:text>
               </dt>
               <dd>
                     Санкт-Петербург, Россия.
                     St Petersburg, Russia
                  </dd>
               <dt width="150" align="left">
                  <i18n:text i18n:key="epidoc-xslt-ecg-dimensions">Dimensions</i18n:text>
               </dt>
               <dd>H. 108,0,W. 31,5,Th. 15,0</dd>
               <dt width="150" align="left">
                  <i18n:text i18n:key="epidoc-xslt-ecg-institution-inventory">Institution and inventory</i18n:text>
               </dt>
               <dd>Государственный Эрмитаж State HermitageХ.1974.1 Х.1974.1</dd>
            </dl>
         </div>
         <div id="text-field">
            <h3 class="ecg">
               <i18n:text i18n:key="epidoc-xslt-ecg-inscribed-field">Inscribed field</i18n:text>
            </h3>
            <dl class="ecg">
               <dt width="150" align="left">
                  <i18n:text i18n:key="epidoc-xslt-ecg-placement-text">Placement of text</i18n:text>
               </dt>
               <dd>
                           
                           
                        </dd>
               <dt width="150" align="left">
                  <i18n:text i18n:key="epidoc-xslt-ecg-style-lettering">Style of lettering</i18n:text>
               </dt>
               <dd/>
               <dt width="150" align="left">
                  <i18n:text i18n:key="epidoc-xslt-ecg-letterheights">Letterheights</i18n:text>
               </dt>
               <dd>1,8</dd>
            </dl>
         </div>
         <div id="text">
            <h3 class="ecg">
               <i18n:text i18n:key="epidoc-xslt-ecg-text">Text</i18n:text>
            </h3>
            <dl class="ecg">
               <dt>
                  <i18n:text i18n:key="epidoc-xslt-ecg-origin">Origin</i18n:text>
               </dt>
               <dd>
                        Херсонес.
                        Chersonesos.
                     </dd>
               <dt>
                  <i18n:text i18n:key="epidoc-xslt-ecg-category">Category</i18n:text>
               </dt>
               <dd>
                     Надгробная надпись.
                     Epitaph.
                  </dd>
               <dt>
                  <i18n:text i18n:key="epidoc-xslt-ecg-date">Date</i18n:text>
               </dt>
               <dd>
                        Кон. IV - 1-я пол. III в. до н.э.
                        Late IVth - 1st half of IIIrd century B.C.E.
                     </dd>
               <dt>
                  <i18n:text i18n:key="epidoc-xslt-ecg-dating-criteria">Dating criteria</i18n:text>
               </dt>
               <dd>палеография</dd>
               <dt>
                  <i18n:text i18n:key="epidoc-xslt-ecg-editions">Editions</i18n:text>
               </dt>
               <dd>
                  <div id="bibliography">
                     <h2>bibliography</h2>
                     <ul> , 68, № 27 161 , 434, № 27 </ul>
                  </div>
                  <div id="bibliography">
                     <h2>bibliography: commentaries</h2>
                     <ul> , 38, № 27 </ul>
                  </div>
               </dd>
            </dl>
            <div id="edition" class="ecg">
               <div id="edition" lang="grc">
                  <div class="textpart" lang="grc">
                     <span class="ab">
                        <a id="al1"><!--0--></a>Αἰσχίνας <br id="al2"/>Γέροντος. </span>
                  </div>
               </div>
            </div>
            <div id="diplomatic">
               <div id="edition" lang="grc">
                  <div class="textpart" lang="grc">
                     <span class="ab">
                        <a id="al1"><!--0--></a>ΑΙΣΧΙΝΑΣ<br id="al2"/>ΓΕΡΟΝΤΟΣ</span>
                  </div>
               </div>
            </div>
            <div id="apparatus" class="ecg">
               <h4 class="ecg">
                  <i18n:text i18n:key="epidoc-xslt-ecg-apparatus">Apparatus</i18n:text>
               </h4>
               <span class="">
                  <span/>
               </span>
            </div>
            <div id="translation" class="ecg">
               <h4 class="ecg">
                  <i18n:text i18n:key="epidoc-xslt-ecg-translation">Translation</i18n:text>
               </h4>
               <p>Эсхин, (сын) Геронта.</p>
               <p>Aischinas, (son of) Geron.</p>
            </div>
            <div id="commentary" class="ecg">
               <h4 class="ecg">
                  <i18n:text i18n:key="epidoc-xslt-ecg-commentary">Commentary</i18n:text>
               </h4>
               <p>Согласно атрибуции Posamentir 2011, 38 стела относится к «кругу мастерской Санниона». Другие примеры использования этих личных имен в Херсонесе см. LGPN IV.</p>
               <p/>
            </div>
            <div id="images" class="ecg">
               <h4 class="ecg">
                  <i18n:text i18n:key="epidoc-xslt-ecg-images">Images</i18n:text>
               </h4>
               <dl>
                  <dt width="150" align="left"/>
                  <dd>
                     <a href="30.14">
                        <img title=" " src="30-thumb.14"/>
                     </a>
                  </dd>
               </dl>
            </div>
         </div>
      </body>
   </html>
</div>
