<?xml version="1.0" encoding="UTF-8"?>
<div xmlns:xs="http://www.w3.org/2001/XMLSchema">
   <html xmlns:fn="http://www.w3.org/2005/xpath-functions">
      <head>
         <title>PE3000196</title>
         <meta http-equiv="content-type" content="text/html; charset=UTF-8"/>
         <link rel="stylesheet"
                type="text/css"
                media="screen, projection"
                href="../xsl/global.css"/>
      </head>
      <body>
         <h1>PE3000196</h1>
         <div id="creta-inscription-body" class="creta">
            <div id="title" class="creta">
               <h1>Метрическая эпитафияMetrical epitaph</h1>
            </div>
            <div id="descriptive_lemma" class="creta">
               <p>
                  <b>Tipologia documentaria: </b> Надгробная надпись. Epitaph. </p>
               <p>
                  <b>Supporto: </b> Плита. Panel. Мрамор. Marble. <p>Обломана со всех сторон. Лицевой фас плиты тщательно обработан, тыльная сторона плиты обработана суммарно. На лицевой стороне сохранилось двенадцать строк надписи, вырезанной по предварительной разметке.</p>
                  <p/> 26,0 17,0 7,5 </p>
               <p>
                  <b>Disposizione del testo: </b>
               </p>
               <p>
                  <b>Scrittura: </b>h. 1,0</p>
               <p>
                  <b>Datazione: </b>
                        II в. н.э.
                        IInd century C.E.
                     </p>
               <p>
                  <b>Provenienza: </b> Херсонес. Chersonesos. </p>
               <p>
                  <b>Luogo di ritrovamento: </b> Севастополь (Херсонес). Найдена в 1987 г. в юго-восточном районе херсонесского городища на участке «цитадели» в засыпи куртины 19 оборонительной стены. Раскопки И.А. Антоновой. Sevastopol (Chersonesos). Found in.... </p>
               <p>
                  <b>Collocazione attuale: </b>Национальный заповедник "Херсонес Таврический"National Preserve of Tauric Chersonesos</p>
            </div>
            <div id="bibliography" class="creta"/>
            <div id="edition" class="creta">
               <div id="edition" lang="grc">
                  <div class="textpart" lang="grc">
                     <span class="ab">
                        <a id="al0"><!--0--></a>
                        <span dir="ltr">( vac. )</span>
                        <br id="al1"/>
                        <div class="textpart" lang="grc">[<span dir="ltr" class="gap">------</span>? ἔκρυψ]ε̣ χ̣θὼν μὲν ΡΑ[<span dir="ltr" class="gap">---</span>] <br id="al2"/>[<span dir="ltr" class="gap">------</span>σῶ]μ̣'̣ ὑποδεξαμέν̣[α <span dir="ltr" class="gap">------</span>]</div>
                        <br id="al3"/>
                        <div class="textpart" lang="grc">[<span dir="ltr" class="gap">------</span> ψυχὰ] πταμένα ποτ’ Ὄλυμ̣[πον] <br id="al4"/>[<span dir="ltr" class="gap">------</span> μ]ε&lt;λ&gt;ισταγέος <span dir="ltr">( vac. )</span>.</div>
                        <br id="al5"/>
                        <span class="linenumber">5</span>
                        <div class="textpart" lang="grc">[<span dir="ltr" class="gap">------</span> Ἀίδας?] ε̣ὐνὰς ἐπόρεξε ταν̣[ύσας <span dir="ltr" class="gap">---</span>] <br id="al6"/>[<span dir="ltr" class="gap">------</span> ο]ἴμου <span dir="ltr">( vac. 4)</span>. ἐπουρα̣ν[ίων <span dir="ltr" class="gap">---</span>]</div>
                        <br id="al7"/>
                        <div class="textpart" lang="grc">[<span dir="ltr" class="gap">------</span>] ὑπὸ δαίμονος ἁρπ̣[α<span dir="ltr" class="gap">------</span>] <br id="al8"/>[<span dir="ltr" class="gap">------</span> θεᾷ π]ε̣ίθεθ’ ὑποχθονίᾳ <span dir="ltr">( vac. )</span>
                        </div>
                        <br id="al9"/>
                        <div class="textpart" lang="grc">[<span dir="ltr" class="gap">------</span>]ΛΛΟΣ ἔφυ ΚΑΚΟ[<span dir="ltr" class="gap">.</span>]Η[<span dir="ltr" class="gap">---</span>] <br id="al10"/>
                           <span class="linenumber">10</span>[<span dir="ltr" class="gap">------</span>]Σ φωτὸς ΙΔΜ[<span dir="ltr" class="gap">---</span>]</div>
                        <br id="al11"/>
                        <div class="textpart" lang="grc">[<span dir="ltr" class="gap">------</span> Ἄιδο]ς ἀστεμφέο[ς <span dir="ltr" class="gap">---</span>] <br id="al12"/>[<span dir="ltr" class="gap">------</span> π]ά̣γχυ ποιή̣[σας? <span dir="ltr" class="gap">---</span>]</div>
                        <br id="al13"/>
                        <span dir="ltr">( vac. )</span>
                     </span>
                  </div>
               </div>
            </div>
            <div id="apparatus" class="creta"/>
            <div id="translation" class="creta">
               <p>[--- Аид] широко расстелил (свое) ложе, --- дороги бессмертных, --- похищенному роком, --- повиновался подземной [богине ---].</p>
               <p/>
            </div>
            <div id="commentary" class="creta">
               <p> Метрически завершение укороченных строк 4 и 8 соответствует одной и той же схеме: –∪∪–, что указывает на окончание пентаметра.</p>
               <p>II в. н.э. (вероятно, вторая треть II в. н.э.).</p>
               <p>II century C.E. (probably middle of II century).</p>
            </div>
         </div>
      </body>
   </html>
</div>
