<?xml version="1.0" encoding="UTF-8"?>
<html xmlns:i18n="http://apache.org/cocoon/i18n/2.1">
   <head>
      <title>Декрет (?) римского времени Decree (?)</title>
      <meta http-equiv="content-type" content="text/html; charset=UTF-8"/>
      <link rel="stylesheet"
             type="text/css"
             media="screen, projection"
             href="../xsl/global.css"/>
   </head>
   <body>
      <h1>Декрет (?) римского времени Decree (?)</h1>
      <div id="stone">
         <h3 class="iospe">
            <i18n:text i18n:key="epidoc-xslt-iospe-monument">Monument</i18n:text>
         </h3>
         <dl class="iospe">
            <dt width="150" align="left">
               <i18n:text i18n:key="epidoc-xslt-iospe-monument-type">Type of monument</i18n:text>
            </dt>
            <dd>Плита. Panel.</dd>
            <dt width="150" align="left">
               <i18n:text i18n:key="epidoc-xslt-iospe-material">Material</i18n:text>
            </dt>
            <dd>Мрамор. Marble.</dd>
            <dt width="150" align="left">
               <i18n:text i18n:key="epidoc-xslt-iospe-description">Description and condition</i18n:text>
            </dt>
            <dd>Два не соединяющихся фрагмента плиты, обломанных со всех сторон. Лицевая и тыльная стороны хорошо отполированы. 
                              На каждом фрагменте сохранились остатки трех строк надписи, вырезанной по предварительной разметке. </dd>
         </dl>
         <dl class="iospe">
            <dt width="150" align="left">
               <i18n:text i18n:key="epidoc-xslt-iospe-find-place">Find place</i18n:text>
            </dt>
            <dd>Севастополь (Херсонес). Sevastopol (Chersonesos).</dd>
            <dt width="150" align="left">
               <i18n:text i18n:key="epidoc-xslt-iospe-find-circumstances">Find circumstances</i18n:text>
            </dt>
            <dd>Найдены в 1976 г. Раскопки  М.И. Золотарева. </dd>
            <dt width="150" align="left">
               <i18n:text i18n:key="epidoc-xslt-iospe-find-context">Find context</i18n:text>
            </dt>
            <dd>в северо-восточном районе Херсонеса, в колодце на площади около Восточной базилики. </dd>
            <dt width="150" align="left">
               <i18n:text i18n:key="epidoc-xslt-iospe-modern-location">Modern location</i18n:text>
            </dt>
            <dd>
                     Севастополь.
                     Sevastopol.
                  </dd>
            <dt width="150" align="left">
               <i18n:text i18n:key="epidoc-xslt-iospe-dimensions">Dimensions</i18n:text>
            </dt>
            <dd>H. 4,0 5,0,W. 6,0 5,0,Th. 3,0 3,0</dd>
            <dt width="150" align="left">
               <i18n:text i18n:key="epidoc-xslt-iospe-institution-inventory">Institution and inventory</i18n:text>
            </dt>
            <dd>Национальный заповедник "Херсонес Таврический" National Preserve of Tauric Chersonesos Национальный заповедник "Херсонес Таврический" National Preserve of Tauric Chersonesos143/36934 143/36934 144/36934 144/36934</dd>
         </dl>
      </div>
      <div id="text-field">
         <h3 class="iospe">
            <i18n:text i18n:key="epidoc-xslt-iospe-inscribed-field">Inscribed field</i18n:text>
         </h3>
         <dl class="iospe">
            <dt width="150" align="left">
               <i18n:text i18n:key="epidoc-xslt-iospe-placement-text">Placement of text</i18n:text>
            </dt>
            <dd>
                           
                           
                        </dd>
            <dt width="150" align="left">
               <i18n:text i18n:key="epidoc-xslt-iospe-style-lettering">Style of lettering</i18n:text>
            </dt>
            <dd/>
            <dt width="150" align="left">
               <i18n:text i18n:key="epidoc-xslt-iospe-letterheights">Letterheights</i18n:text>
            </dt>
            <dd>1,2</dd>
         </dl>
      </div>
      <div id="text">
         <h3 class="iospe">
            <i18n:text i18n:key="epidoc-xslt-iospe-text">Text</i18n:text>
         </h3>
         <dl class="iospe">
            <dt>
               <i18n:text i18n:key="epidoc-xslt-iospe-origin">Origin</i18n:text>
            </dt>
            <dd>
                        Херсонес.
                        Chersonesos.
                     </dd>
            <dt>
               <i18n:text i18n:key="epidoc-xslt-iospe-category">Category</i18n:text>
            </dt>
            <dd>
                     Декрет (?)
                     Decree (?)
                  </dd>
            <dt>
               <i18n:text i18n:key="epidoc-xslt-iospe-date">Date</i18n:text>
            </dt>
            <dd>
                        2-я пол. II – нач. III в. н.э.
                        2nd half of IInd - early IIIrd cent. C.E.
                     </dd>
            <dt>
               <i18n:text i18n:key="epidoc-xslt-iospe-dating-criteria">Dating criteria</i18n:text>
            </dt>
            <dd>Палеография</dd>
            <dt>
               <i18n:text i18n:key="epidoc-xslt-iospe-editions">Editions</i18n:text>
            </dt>
            <dd>
               <div id="bibliography">
                  <h2>bibliography</h2>
                  <ul> , 68, № 2 </ul>
               </div>
               <div id="bibliography">
                  <h2>bibliography: commentaries</h2>
                  <ul> 33, 595-596 </ul>
               </div>
            </dd>
         </dl>
         <div id="edition" class="iospe">
            <div id="edition" lang="grc">
               <span class="textpartnumber" id="ab1">1</span>
               <br/>
               <div class="textpart" lang="grc">
                  <span class="ab">
                     <a id="a1-l0"><!--0--></a>[<span dir="ltr" class="gap">------</span>] <br id="a1-l1"/>[<span dir="ltr" class="gap">---</span>]ΑΤ[<span dir="ltr" class="gap">---</span>] <br id="a1-l2"/>[<span dir="ltr" class="gap">---</span>]ΑΥΤΟ<span dir="ltr" class="gap">+</span>[<span dir="ltr" class="gap">---</span>] <br id="a1-l3"/>[<span dir="ltr" class="gap">---</span>]<span dir="ltr" class="gap">+</span>ΑΣΜΙΩ[<span dir="ltr" class="gap">---</span>] <br id="a1-l3a"/>[<span dir="ltr" class="gap">------</span>] </span>
               </div>
               <span class="textpartnumber" id="ab2">2</span>
               <br/>
               <div class="textpart" lang="grc">
                  <span class="ab">
                     <a id="a2-l0"><!--0--></a>[<span dir="ltr" class="gap">------</span>] <br id="a2-l1"/>[<span dir="ltr" class="gap">---</span>]<span dir="ltr" class="gap">+</span>[<span dir="ltr" class="gap">---</span>] <br id="a2-l2"/>[<span dir="ltr" class="gap">---</span>]ΑΤΟ[<span dir="ltr" class="gap">---</span>] <br id="a2-l3"/>[<span dir="ltr" class="gap">---</span>]ΤΑΤ[<span dir="ltr" class="gap">---</span>] <br id="a2-l3a"/>[<span dir="ltr" class="gap">------</span>] </span>
               </div>
            </div>
         </div>
         <div id="apparatus" class="iospe">
            <h4 class="iospe">
               <i18n:text i18n:key="epidoc-xslt-iospe-apparatus">Apparatus</i18n:text>
            </h4>
         </div>
         <div id="translation" class="iospe">
            <h4 class="iospe">
               <i18n:text i18n:key="epidoc-xslt-iospe-translation">Translation</i18n:text>
            </h4>
            <p/>
            <p/>
         </div>
         <div id="commentary" class="iospe">
            <h4 class="iospe">
               <i18n:text i18n:key="epidoc-xslt-iospe-commentary">Commentary</i18n:text>
            </h4>
            <p/>
            <p/>
         </div>
      </div>
   </body>
</html>
