<?xml version="1.0" encoding="UTF-8"?>
<div xmlns:xs="http://www.w3.org/2001/XMLSchema">
   <html xmlns:fn="http://www.w3.org/2005/xpath-functions">
      <head>
         <title>PE3000487</title>
         <meta http-equiv="content-type" content="text/html; charset=UTF-8"/>
         <link rel="stylesheet"
                type="text/css"
                media="screen, projection"
                href="../xsl/global.css"/>
      </head>
      <body>
         <h1>PE3000487</h1>
         <div id="creta-inscription-body" class="creta">
            <div id="title" class="creta">
               <h1>Декрет (?) римского времениDecree (?)</h1>
            </div>
            <div id="descriptive_lemma" class="creta">
               <p>
                  <b>Tipologia documentaria: </b> Декрет (?) Decree (?) </p>
               <p>
                  <b>Supporto: </b> Плита. Panel. Мрамор. Marble. <p>Два не соединяющихся фрагмента плиты, обломанных со всех сторон. Лицевая и тыльная стороны хорошо отполированы. На каждом фрагменте сохранились остатки трех строк надписи, вырезанной по предварительной разметке.</p>
                  <p/> 4,0 6,0 3,0 5,0 5,0 3,0 </p>
               <p>
                  <b>Disposizione del testo: </b>
               </p>
               <p>
                  <b>Scrittura: </b>h. 1,2</p>
               <p>
                  <b>Datazione: </b>
                        2-я пол. II – нач. III в. н.э.
                        2nd half of IInd - early IIIrd cent. C.E.
                     </p>
               <p>
                  <b>Provenienza: </b> Херсонес. Chersonesos. </p>
               <p>
                  <b>Luogo di ritrovamento: </b> Севастополь (Херсонес). Найдены в 1976 г. Раскопки М.И. Золотарева. в северо-восточном районе Херсонеса, в колодце на площади около Восточной базилики. Sevastopol (Chersonesos). </p>
               <p>
                  <b>Collocazione attuale: </b>Национальный заповедник "Херсонес Таврический"National Preserve of Tauric ChersonesosНациональный заповедник "Херсонес Таврический"National Preserve of Tauric Chersonesos</p>
            </div>
            <div id="bibliography" class="creta"/>
            <div id="edition" class="creta">
               <div id="edition" lang="grc">
                  <span class="textpartnumber" id="ab1">1</span>
                  <br/>
                  <div class="textpart" lang="grc">
                     <span class="ab">
                        <a id="a1-l0"><!--0--></a>[<span dir="ltr" class="gap">------</span>] <br id="a1-l1"/>[<span dir="ltr" class="gap">---</span>]ΑΤ[<span dir="ltr" class="gap">---</span>] <br id="a1-l2"/>[<span dir="ltr" class="gap">---</span>]ΑΥΤΟ<span dir="ltr" class="gap">+</span>[<span dir="ltr" class="gap">---</span>] <br id="a1-l3"/>[<span dir="ltr" class="gap">---</span>]<span dir="ltr" class="gap">+</span>ΑΣΜΙΩ[<span dir="ltr" class="gap">---</span>] <br id="a1-l3a"/>[<span dir="ltr" class="gap">------</span>] </span>
                  </div>
                  <span class="textpartnumber" id="ab2">2</span>
                  <br/>
                  <div class="textpart" lang="grc">
                     <span class="ab">
                        <a id="a2-l0"><!--0--></a>[<span dir="ltr" class="gap">------</span>] <br id="a2-l1"/>[<span dir="ltr" class="gap">---</span>]<span dir="ltr" class="gap">+</span>[<span dir="ltr" class="gap">---</span>] <br id="a2-l2"/>[<span dir="ltr" class="gap">---</span>]ΑΤΟ[<span dir="ltr" class="gap">---</span>] <br id="a2-l3"/>[<span dir="ltr" class="gap">---</span>]ΤΑΤ[<span dir="ltr" class="gap">---</span>] <br id="a2-l3a"/>[<span dir="ltr" class="gap">------</span>] </span>
                  </div>
               </div>
            </div>
            <div id="apparatus" class="creta"/>
            <div id="translation" class="creta">
               <p/>
               <p/>
            </div>
            <div id="commentary" class="creta">
               <p/>
               <p/>
            </div>
         </div>
      </body>
   </html>
</div>
