<?xml version="1.0" encoding="UTF-8"?>
<html>
   <head>
      <title>PE3000014. Надгробие Эсхина Epitaph of Aischinas</title>
      <meta http-equiv="content-type" content="text/html; charset=UTF-8"/>
      <link rel="stylesheet"
             type="text/css"
             media="screen, projection"
             href="../xsl/global.css"/>
   </head>
   <body>
      <div id="facsimile-images">
         <h2>Facsimile Images</h2>
         <a href="30.14">
            <img title=" " src="30-thumb.14"/>
         </a>
      </div>
      <div id="bibliography">
         <h2>bibliography</h2>
         <ul> , 68, № 27 161 , 434, № 27 </ul>
      </div>
      <div id="bibliography">
         <h2>bibliography: commentaries</h2>
         <ul> , 38, № 27 </ul>
      </div>
      <div id="edition" lang="grc">
         <div class="textpart" lang="grc">
            <span class="ab">
               <a id="al1"><!--0--></a>Αἰσχίνας <br id="al2"/>Γέροντος. </span>
         </div>
      </div>
      <div id="apparatus">
         <h2>Apparatus</h2>
         <p>
            <span class="">
               <span/>
            </span>
         </p>
      </div>
      <div id="translation">
         <h2> translation</h2>
         <p>Эсхин, (сын) Геронта.</p>
      </div>
      <div id="translation">
         <h2> translation</h2>
         <p>Aischinas, (son of) Geron.</p>
      </div>
      <div id="commentary">
         <h2>commentary</h2>
         <p>Согласно атрибуции Posamentir 2011, 38 стела относится к «кругу мастерской Санниона». Другие примеры использования этих личных имен в Херсонесе см. LGPN IV.</p>
      </div>
      <div id="commentary">
         <h2>commentary</h2>
         <p/>
      </div>
      <div id="license"/>
   </body>
</html>
