<?xml version="1.0" encoding="UTF-8"?>
<html xmlns:fn="http://www.w3.org/2005/xpath-functions"
       xmlns:i18n="http://apache.org/cocoon/i18n/2.1"
       xmlns:kiln="http://www.kcl.ac.uk/artshums/depts/ddh/kiln/ns/1.0">
   <head>
      <title>Декрет (?) римского времениDecree (?)</title>
      <meta http-equiv="content-type" content="text/html; charset=UTF-8"/>
      <link rel="stylesheet"
             type="text/css"
             media="screen, projection"
             href="../xsl/global.css"/>
   </head>
   <body>
      <h1>Декрет (?) римского времениDecree (?)</h1>
      <div id="full-edition">
         <div id="edition-text">
            <div id="source-description">
               <p>
                  <b>Description: </b>Два не соединяющихся фрагмента плиты, обломанных со всех сторон. Лицевая и тыльная стороны хорошо отполированы. 
                              На каждом фрагменте сохранились остатки трех строк надписи, вырезанной по предварительной разметке.</p>
               <p>
                  <b>Text: </b>
               </p>
               <p>
                  <b>Letters: </b> Курсивные мю, омега; крупный овальный омикрон, прямоугольная сигма, апексы. Cursive mu, omega; large oval omicron, rectangular sigma; serifs. 1,2 </p>
               <p>
                  <b>Date: </b> 2-я пол. II – нач. III в. н.э. 2nd half of IInd - early IIIrd cent. C.E.  (Палеография)</p>
               <p>
                  <b>Findspot: </b>
               </p>
               <p>
                  <b>Original location: </b>
                        Херсонес.
                        Chersonesos.
                     </p>
               <p>
                  <b>Last recorded location: </b>
                     Севастополь.
                     Sevastopol.
                   (Inv. no. 143/36934, 143/36934, 144/36934, 144/36934)</p>
            </div>
            <div class="section-container tabs" data-section="tabs">
               <section>
                  <p class="title" data-section-title="data-section-title">
                     <a href="#">Interpretive</a>
                  </p>
                  <div class="content"
                        id="edition"
                        data-section-content="data-section-content">
                     <div id="edition" lang="grc">
                        <span class="textpartnumber" id="ab1">1</span>
                        <br/>
                        <div class="textpart" lang="grc">
                           <span class="ab">
                              <a id="a1-l0"><!--0--></a>[<span dir="ltr" class="gap">------</span>] <br id="a1-l1"/>[<span dir="ltr" class="gap">---</span>]ΑΤ[<span dir="ltr" class="gap">---</span>] <br id="a1-l2"/>[<span dir="ltr" class="gap">---</span>]ΑΥΤΟ<span dir="ltr" class="gap">+</span>[<span dir="ltr" class="gap">---</span>] <br id="a1-l3"/>[<span dir="ltr" class="gap">---</span>]<span dir="ltr" class="gap">+</span>ΑΣΜΙΩ[<span dir="ltr" class="gap">---</span>] <br id="a1-l3a"/>[<span dir="ltr" class="gap">------</span>] </span>
                        </div>
                        <span class="textpartnumber" id="ab2">2</span>
                        <br/>
                        <div class="textpart" lang="grc">
                           <span class="ab">
                              <a id="a2-l0"><!--0--></a>[<span dir="ltr" class="gap">------</span>] <br id="a2-l1"/>[<span dir="ltr" class="gap">---</span>]<span dir="ltr" class="gap">+</span>[<span dir="ltr" class="gap">---</span>] <br id="a2-l2"/>[<span dir="ltr" class="gap">---</span>]ΑΤΟ[<span dir="ltr" class="gap">---</span>] <br id="a2-l3"/>[<span dir="ltr" class="gap">---</span>]ΤΑΤ[<span dir="ltr" class="gap">---</span>] <br id="a2-l3a"/>[<span dir="ltr" class="gap">------</span>] </span>
                        </div>
                     </div>
                  </div>
               </section>
               <section>
                  <p class="title" data-section-title="data-section-title">
                     <a href="#">Diplomatic</a>
                  </p>
                  <div class="content"
                        id="diplomatic"
                        data-section-content="data-section-content">
                     <div id="edition" lang="grc">
                        <span class="textpartnumber" id="ab1">1</span>
                        <br/>
                        <div class="textpart" lang="grc">
                           <span class="ab">
                              <a id="a1-l0"><!--0--></a>[<span dir="ltr" class="gap">------</span>] <br id="a1-l1"/>[<span dir="ltr" class="gap">---</span>]ΑΤ[<span dir="ltr" class="gap">---</span>] <br id="a1-l2"/>[<span dir="ltr" class="gap">---</span>]ΑΥΤΟ<span dir="ltr" class="gap">·</span>[<span dir="ltr" class="gap">---</span>] <br id="a1-l3"/>[<span dir="ltr" class="gap">---</span>]<span dir="ltr" class="gap">·</span>ΑΣΜΙΩ[<span dir="ltr" class="gap">---</span>] <br id="a1-l3a"/>[<span dir="ltr" class="gap">------</span>]</span>
                        </div>
                        <span class="textpartnumber" id="ab2">2</span>
                        <br/>
                        <div class="textpart" lang="grc">
                           <span class="ab">
                              <a id="a2-l0"><!--0--></a>[<span dir="ltr" class="gap">------</span>] <br id="a2-l1"/>[<span dir="ltr" class="gap">---</span>]<span dir="ltr" class="gap">·</span>[<span dir="ltr" class="gap">---</span>] <br id="a2-l2"/>[<span dir="ltr" class="gap">---</span>]ΑΤΟ[<span dir="ltr" class="gap">---</span>] <br id="a2-l3"/>[<span dir="ltr" class="gap">---</span>]ΤΑΤ[<span dir="ltr" class="gap">---</span>] <br id="a2-l3a"/>[<span dir="ltr" class="gap">------</span>]</span>
                        </div>
                     </div>
                  </div>
               </section>
            </div>
            <div id="apparatus">
               <div id="apparatus">
                  <h2>Apparatus</h2>
                  <p>
                     <div>
                        <h2>textpart</h2>
                        <span class="2">2: <span>в конце стк. видна часть вертикальной гасты</span>
                        </span>
                        <br/>
                        <span class="2-3">2-3: [- - -] Αὐτοκ̣[ράτορι Καίσαρι - - - / - - - σεβ]ασμίω[ι - - -] <span>ed. pr.</span>
                        </span>
                        <br/>
                        <span class="3">3: <span>в начале стк. след изогнутой линии</span>
                           <span>om. ed. pr.</span>
                        </span>
                     </div>
                     <div>
                        <h2>textpart</h2>
                        <span class="1">1: <span>видна нижняя часть наклонной гасты</span>
                        </span>
                        <br/>
                        <span class="2-3">2-3: [τὸ δὲ ψάφισμ]α το̣[ῦτο ἀναγραφᾶμεν λευκολίθου στάλᾳ καὶ θέμεν / ἐν τῷ ἐπισαμο]τάτ[ῳ τᾶς πόλιος τόπῳ - - -] <span>ed. pr.</span>
                        </span>
                     </div>
                  </p>
               </div>
            </div>
            <p>
               <b>Bibliography: </b>
            </p>
         </div>
         <div id="edition-images-maps">
            <div id="images">
               <h3>Images</h3>
               <div class="embedded_image">
                  <a href="30.366">
                     <img title=" " src="30-thumb.366"/>
                  </a>
                  <p style="margin-top:5px">
                     <strong>Fig. 1</strong>. </p>
               </div>
            </div>
         </div>
      </div>
   </body>
</html>
