<?xml version="1.0" encoding="UTF-8"?>
<html xmlns:i18n="http://apache.org/cocoon/i18n/2.1">
   <head>
      <title>Надгробие Артемидора, сына Гефестия </title>
      <meta http-equiv="content-type" content="text/html; charset=UTF-8"/>
      <link rel="stylesheet"
             type="text/css"
             media="screen, projection"
             href="../xsl/global.css"/>
   </head>
   <body>
      <h1>Надгробие Артемидора, сына Гефестия </h1>
      <div id="stone">
         <h3 class="iospe">
            <i18n:text i18n:key="epidoc-xslt-iospe-monument">Monument</i18n:text>
         </h3>
         <dl class="iospe">
            <dt width="150" align="left">
               <i18n:text i18n:key="epidoc-xslt-iospe-monument-type">Type of monument</i18n:text>
            </dt>
            <dd>Стела. Stele.</dd>
            <dt width="150" align="left">
               <i18n:text i18n:key="epidoc-xslt-iospe-material">Material</i18n:text>
            </dt>
            <dd>Известняк. Limestone.</dd>
            <dt width="150" align="left">
               <i18n:text i18n:key="epidoc-xslt-iospe-description">Description and condition</i18n:text>
            </dt>
            <dd>Верхняя часть стелы, украшенной карнизом и монолитным акротерием. Под карнизом вырезана двухстрочная надпись. </dd>
         </dl>
         <dl class="iospe">
            <dt width="150" align="left">
               <i18n:text i18n:key="epidoc-xslt-iospe-find-place">Find place</i18n:text>
            </dt>
            <dd>Черноморское (Северо-Западный Крым). Chernomorskoye.</dd>
            <dt width="150" align="left">
               <i18n:text i18n:key="epidoc-xslt-iospe-find-circumstances">Find circumstances</i18n:text>
            </dt>
            <dd>Найдена случайно в 2008 г. на северном берегу Ак-Мечетской бухты (извлечена со дна моря). </dd>
            <dt width="150" align="left">
               <i18n:text i18n:key="epidoc-xslt-iospe-find-context">Find context</i18n:text>
            </dt>
            <dd>
               <i18n:text i18n:key="epidoc-xslt-iospe-unknown">Unknown</i18n:text>
            </dd>
            <dt width="150" align="left">
               <i18n:text i18n:key="epidoc-xslt-iospe-modern-location">Modern location</i18n:text>
            </dt>
            <dd>
                     Черноморское, Крым.
                     Chernomorskoye, Crimea.
                  </dd>
            <dt width="150" align="left">
               <i18n:text i18n:key="epidoc-xslt-iospe-dimensions">Dimensions</i18n:text>
            </dt>
            <dd>H. 48,0,W. 31,0,Th. 14,0</dd>
            <dt width="150" align="left">
               <i18n:text i18n:key="epidoc-xslt-iospe-institution-inventory">Institution and inventory</i18n:text>
            </dt>
            <dd>Историко-археологический музей-заповедник «Калос Лимен». Historical-Archeological Preserve “Kalos Limen”.Без № No number.</dd>
         </dl>
      </div>
      <div id="text-field">
         <h3 class="iospe">
            <i18n:text i18n:key="epidoc-xslt-iospe-inscribed-field">Inscribed field</i18n:text>
         </h3>
         <dl class="iospe">
            <dt width="150" align="left">
               <i18n:text i18n:key="epidoc-xslt-iospe-placement-text">Placement of text</i18n:text>
            </dt>
            <dd>
                           
                           
                        </dd>
            <dt width="150" align="left">
               <i18n:text i18n:key="epidoc-xslt-iospe-style-lettering">Style of lettering</i18n:text>
            </dt>
            <dd/>
            <dt width="150" align="left">
               <i18n:text i18n:key="epidoc-xslt-iospe-letterheights">Letterheights</i18n:text>
            </dt>
            <dd>3</dd>
         </dl>
      </div>
      <div id="text">
         <h3 class="iospe">
            <i18n:text i18n:key="epidoc-xslt-iospe-text">Text</i18n:text>
         </h3>
         <dl class="iospe">
            <dt>
               <i18n:text i18n:key="epidoc-xslt-iospe-origin">Origin</i18n:text>
            </dt>
            <dd>
                        Калос Лимен.
                        Kalos Limen.
                     </dd>
            <dt>
               <i18n:text i18n:key="epidoc-xslt-iospe-category">Category</i18n:text>
            </dt>
            <dd>
                     Надгробие.
                     Epitaph.
                  </dd>
            <dt>
               <i18n:text i18n:key="epidoc-xslt-iospe-date">Date</i18n:text>
            </dt>
            <dd>
                        Вторая половина IV - начало III в. до н. э.
                        2nd half of IVth - early IIIrd century B.C.
                     </dd>
            <dt>
               <i18n:text i18n:key="epidoc-xslt-iospe-dating-criteria">Dating criteria</i18n:text>
            </dt>
            <dd>Палеография, Орфография, Исторический, контекст</dd>
            <dt>
               <i18n:text i18n:key="epidoc-xslt-iospe-editions">Editions</i18n:text>
            </dt>
            <dd>
               <div id="bibliography">
                  <h2>bibliography</h2>
                  <ul> , 73, № 3 (маюскульная копия) </ul>
               </div>
               <div id="bibliography">
                  <h2>bibliography: commentaries</h2>
                  <ul> </ul>
               </div>
            </dd>
         </dl>
         <div id="edition" class="iospe">
            <div id="edition" lang="grc">
               <div class="textpart" lang="grc">
                  <span class="ab">
                     <a id="al1"><!--0--></a>Ἀρτιμίδωρος <br id="al2"/>Ἁφαιστίο </span>
               </div>
            </div>
         </div>
         <div id="apparatus" class="iospe">
            <h4 class="iospe">
               <i18n:text i18n:key="epidoc-xslt-iospe-apparatus">Apparatus</i18n:text>
            </h4>
            <span class=""/>
         </div>
         <div id="translation" class="iospe">
            <h4 class="iospe">
               <i18n:text i18n:key="epidoc-xslt-iospe-translation">Translation</i18n:text>
            </h4>
            <p>Артемидор, (сын) Гефестия.</p>
            <p/>
         </div>
         <div id="commentary" class="iospe">
            <h4 class="iospe">
               <i18n:text i18n:key="epidoc-xslt-iospe-commentary">Commentary</i18n:text>
            </h4>
            <p/>
            <p/>
         </div>
      </div>
   </body>
</html>
