<?xml version="1.0" encoding="UTF-8"?>
<div xmlns:xs="http://www.w3.org/2001/XMLSchema">
   <html xmlns:i18n="http://apache.org/cocoon/i18n/2.1">
      <head>
         <title>Метрическая эпитафия Metrical epitaph</title>
         <meta http-equiv="content-type" content="text/html; charset=UTF-8"/>
         <link rel="stylesheet"
                type="text/css"
                media="screen, projection"
                href="../xsl/global.css"/>
      </head>
      <body>
         <h1>Метрическая эпитафия Metrical epitaph</h1>
         <div id="stone">
            <h3 class="ecg">
               <i18n:text i18n:key="epidoc-xslt-ecg-monument">Monument</i18n:text>
            </h3>
            <dl class="ecg">
               <dt width="150" align="left">
                  <i18n:text i18n:key="epidoc-xslt-ecg-monument-type">Type of monument</i18n:text>
               </dt>
               <dd>Плита. Panel.</dd>
               <dt width="150" align="left">
                  <i18n:text i18n:key="epidoc-xslt-ecg-material">Material</i18n:text>
               </dt>
               <dd>Мрамор. Marble.</dd>
               <dt width="150" align="left">
                  <i18n:text i18n:key="epidoc-xslt-ecg-description">Description and condition</i18n:text>
               </dt>
               <dd>Обломана со всех сторон. Лицевой фас плиты тщательно
                              обработан, тыльная сторона плиты обработана суммарно. На лицевой
                              стороне сохранилось двенадцать строк надписи, вырезанной по
                              предварительной разметке. </dd>
            </dl>
            <dl class="ecg">
               <dt width="150" align="left">
                  <i18n:text i18n:key="epidoc-xslt-ecg-find-place">Find place</i18n:text>
               </dt>
               <dd>Севастополь
                           (Херсонес). Sevastopol (Chersonesos).</dd>
               <dt width="150" align="left">
                  <i18n:text i18n:key="epidoc-xslt-ecg-find-circumstances">Find circumstances</i18n:text>
               </dt>
               <dd>Найдена в 1987 г. в юго-восточном районе
                           херсонесского городища на участке «цитадели» в засыпи куртины 19
                           оборонительной стены. Раскопки И.А. Антоновой. Found in....</dd>
               <dt width="150" align="left">
                  <i18n:text i18n:key="epidoc-xslt-ecg-find-context">Find context</i18n:text>
               </dt>
               <dd>
                  <i18n:text i18n:key="epidoc-xslt-ecg-unknown">Unknown</i18n:text>
               </dd>
               <dt width="150" align="left">
                  <i18n:text i18n:key="epidoc-xslt-ecg-modern-location">Modern location</i18n:text>
               </dt>
               <dd>
                     Севастополь.
                     Sevastopol.
                  </dd>
               <dt width="150" align="left">
                  <i18n:text i18n:key="epidoc-xslt-ecg-dimensions">Dimensions</i18n:text>
               </dt>
               <dd>H. 26,0,W. 17,0,Th. 7,5</dd>
               <dt width="150" align="left">
                  <i18n:text i18n:key="epidoc-xslt-ecg-institution-inventory">Institution and inventory</i18n:text>
               </dt>
               <dd>Национальный заповедник "Херсонес Таврический" National Preserve of Tauric Chersonesos30/37193 30/37193</dd>
            </dl>
         </div>
         <div id="text-field">
            <h3 class="ecg">
               <i18n:text i18n:key="epidoc-xslt-ecg-inscribed-field">Inscribed field</i18n:text>
            </h3>
            <dl class="ecg">
               <dt width="150" align="left">
                  <i18n:text i18n:key="epidoc-xslt-ecg-placement-text">Placement of text</i18n:text>
               </dt>
               <dd>
                           
                           
                        </dd>
               <dt width="150" align="left">
                  <i18n:text i18n:key="epidoc-xslt-ecg-style-lettering">Style of lettering</i18n:text>
               </dt>
               <dd/>
               <dt width="150" align="left">
                  <i18n:text i18n:key="epidoc-xslt-ecg-letterheights">Letterheights</i18n:text>
               </dt>
               <dd>1,0</dd>
            </dl>
         </div>
         <div id="text">
            <h3 class="ecg">
               <i18n:text i18n:key="epidoc-xslt-ecg-text">Text</i18n:text>
            </h3>
            <dl class="ecg">
               <dt>
                  <i18n:text i18n:key="epidoc-xslt-ecg-origin">Origin</i18n:text>
               </dt>
               <dd>
                        Херсонес.
                        Chersonesos.
                     </dd>
               <dt>
                  <i18n:text i18n:key="epidoc-xslt-ecg-category">Category</i18n:text>
               </dt>
               <dd>
                     Надгробная надпись.
                     Epitaph.
                  </dd>
               <dt>
                  <i18n:text i18n:key="epidoc-xslt-ecg-date">Date</i18n:text>
               </dt>
               <dd>
                        II в. н.э.
                        IInd century C.E.
                     </dd>
               <dt>
                  <i18n:text i18n:key="epidoc-xslt-ecg-dating-criteria">Dating criteria</i18n:text>
               </dt>
               <dd>палеография</dd>
               <dt>
                  <i18n:text i18n:key="epidoc-xslt-ecg-editions">Editions</i18n:text>
               </dt>
               <dd>
                  <div id="bibliography">
                     <h2>bibliography</h2>
                     <ul> 113 ( 59, 815 2010, 463) </ul>
                  </div>
                  <div id="bibliography">
                     <h2>bibliography: commentaries</h2>
                     <ul> </ul>
                  </div>
               </dd>
            </dl>
            <div id="edition" class="ecg">
               <div id="edition" lang="grc">
                  <div class="textpart" lang="grc">
                     <span class="ab">
                        <a id="al0"><!--0--></a>
                        <span dir="ltr">( vac. )</span>
                        <br id="al1"/>
                        <div class="textpart" lang="grc">[<span dir="ltr" class="gap">------</span>? ἔκρυψ]ε̣ χ̣θὼν μὲν ΡΑ[<span dir="ltr" class="gap">---</span>] <br id="al2"/>[<span dir="ltr" class="gap">------</span>σῶ]μ̣'̣ ὑποδεξαμέν̣[α <span dir="ltr" class="gap">------</span>]</div>
                        <br id="al3"/>
                        <div class="textpart" lang="grc">[<span dir="ltr" class="gap">------</span> ψυχὰ] πταμένα ποτ’ Ὄλυμ̣[πον] <br id="al4"/>[<span dir="ltr" class="gap">------</span> μ]ε&lt;λ&gt;ισταγέος <span dir="ltr">( vac. )</span>.</div>
                        <br id="al5"/>
                        <span class="linenumber">5</span>
                        <div class="textpart" lang="grc">[<span dir="ltr" class="gap">------</span> Ἀίδας?] ε̣ὐνὰς ἐπόρεξε ταν̣[ύσας <span dir="ltr" class="gap">---</span>] <br id="al6"/>[<span dir="ltr" class="gap">------</span> ο]ἴμου <span dir="ltr">( vac. 4)</span>. ἐπουρα̣ν[ίων <span dir="ltr" class="gap">---</span>]</div>
                        <br id="al7"/>
                        <div class="textpart" lang="grc">[<span dir="ltr" class="gap">------</span>] ὑπὸ δαίμονος ἁρπ̣[α<span dir="ltr" class="gap">------</span>] <br id="al8"/>[<span dir="ltr" class="gap">------</span> θεᾷ π]ε̣ίθεθ’ ὑποχθονίᾳ <span dir="ltr">( vac. )</span>
                        </div>
                        <br id="al9"/>
                        <div class="textpart" lang="grc">[<span dir="ltr" class="gap">------</span>]ΛΛΟΣ ἔφυ ΚΑΚΟ[<span dir="ltr" class="gap">.</span>]Η[<span dir="ltr" class="gap">---</span>] <br id="al10"/>
                           <span class="linenumber">10</span>[<span dir="ltr" class="gap">------</span>]Σ φωτὸς ΙΔΜ[<span dir="ltr" class="gap">---</span>]</div>
                        <br id="al11"/>
                        <div class="textpart" lang="grc">[<span dir="ltr" class="gap">------</span> Ἄιδο]ς ἀστεμφέο[ς <span dir="ltr" class="gap">---</span>] <br id="al12"/>[<span dir="ltr" class="gap">------</span> π]ά̣γχυ ποιή̣[σας? <span dir="ltr" class="gap">---</span>]</div>
                        <br id="al13"/>
                        <span dir="ltr">( vac. )</span>
                     </span>
                  </div>
               </div>
            </div>
            <div id="diplomatic">
               <div id="edition" lang="grc">
                  <div class="textpart" lang="grc">
                     <span class="ab">
                        <a id="al0"><!--0--></a>      <br id="al1"/>
                        <div class="textpart" lang="grc">[<span dir="ltr" class="gap">------</span>?.....]..ΘΩΝΜΕΝΡΑ[<span dir="ltr" class="gap">---</span>]<br id="al2"/>[<span dir="ltr" class="gap">------</span>..]..ΥΠΟΔΕΞΑΜΕ.[.<span dir="ltr" class="gap">------</span>]</div>
                        <br id="al3"/>
                        <div class="textpart" lang="grc">[<span dir="ltr" class="gap">------</span>....]ΠΤΑΜΕΝΑΠΟΤΟΛΥ.[...]<br id="al4"/>[<span dir="ltr" class="gap">------</span>.]ΕΙΣΤΑΓΕΟΣ      </div>
                        <br id="al5"/>
                        <span class="linenumber">5</span>
                        <div class="textpart" lang="grc">[<span dir="ltr" class="gap">------</span>.....].ΥΝΑΣΕΠΟΡΕΞΕΤΑ.[....<span dir="ltr" class="gap">---</span>]<br id="al6"/>[<span dir="ltr" class="gap">------</span>.]ΙΜΟΥ        ΕΠΟΥΡ.Ν[...<span dir="ltr" class="gap">---</span>]</div>
                        <br id="al7"/>
                        <div class="textpart" lang="grc">[<span dir="ltr" class="gap">------</span>]ΥΠΟΔΑΙΜΟΝΟΣΑΡ.[.<span dir="ltr" class="gap">------</span>]<br id="al8"/>[<span dir="ltr" class="gap">------</span>....].ΙΘΕΘΥΠΟΧΘΟΝΙΑ      </div>
                        <br id="al9"/>
                        <div class="textpart" lang="grc">[<span dir="ltr" class="gap">------</span>]ΛΛΟΣΕΦΥΚΑΚΟ[<span dir="ltr" class="gap">·</span>]Η[<span dir="ltr" class="gap">---</span>]<br id="al10"/>
                           <span class="linenumber">10</span>[<span dir="ltr" class="gap">------</span>]ΣΦΩΤΟΣΙΔΜ[<span dir="ltr" class="gap">---</span>]</div>
                        <br id="al11"/>
                        <div class="textpart" lang="grc">[<span dir="ltr" class="gap">------</span>....]ΣΑΣΤΕΜΦΕΟ[.<span dir="ltr" class="gap">---</span>]<br id="al12"/>[<span dir="ltr" class="gap">------</span>.].ΓΧΥΠΟΙ.[...<span dir="ltr" class="gap">---</span>]</div>
                        <br id="al13"/>      </span>
                  </div>
               </div>
            </div>
            <div id="apparatus" class="ecg">
               <h4 class="ecg">
                  <i18n:text i18n:key="epidoc-xslt-ecg-apparatus">Apparatus</i18n:text>
               </h4>
               <span class="">
                  <span>В конце стк. 4 и 8 vacat обозначает, очевидно, окончание пентаметра.</span>
               </span>; <span class="1">
                  <span>в конце строки видна нижняя часть вертикали и следы косой гасты (возможно, Ν, Κ, Μ, Λ).</span>
               </span>
               <br/>
               <span class="3">3: <span>в конце строки след от косой черты, вероятно, M.</span>
               </span>
               <br/>
               <span class="3/4">3/4: <span>e.g.</span> [ἀθάνατος δ’ αἰεὶ ψυχὰ] πταμένα ποτ’ Ὄλυμ̣[πον | ναιετάει χώρου δῶμα μ]ε[λ]ισταγέος. </span>
               <br/>
               <span class="4">4: ΕΔΙΣΤΑΓΕΟΣ <span>lapis.</span>
               </span>
               <br/>
               <span class="7">7: <span>в начале строки след неопределенной буквы (T ?);</span>
                  <span>fin.:</span>ἁρπ̣[ασθέντι] <span>vel</span> ἁρπ̣[ασθεῖσα] </span>
               <br/>
               <span class="9">9: <span>в конце строки вероятна S.</span>
               </span>
               <br/>
               <span class="10">10: <span>e.g.</span> φωτὸς ἴδμ̣[ονος εὐσεβίας] </span>; <span class="10">
                  <span>в конце строки, вероятно, M или A.</span>
               </span>
               <br/>
               <span class="11">11: <span>cf. GV 15124: </span>ἀστημφὴς Ἀίδης. </span>
               <br/>
               <span class="12">12: <span>от последней буквы сохранилась вертикальная гаста (H ?).</span>
               </span>
            </div>
            <div id="translation" class="ecg">
               <h4 class="ecg">
                  <i18n:text i18n:key="epidoc-xslt-ecg-translation">Translation</i18n:text>
               </h4>
               <p>[--- Аид] широко расстелил (свое) ложе, --- дороги бессмертных, --- похищенному роком, --- повиновался подземной [богине ---].</p>
               <p/>
            </div>
            <div id="commentary" class="ecg">
               <h4 class="ecg">
                  <i18n:text i18n:key="epidoc-xslt-ecg-commentary">Commentary</i18n:text>
               </h4>
               <p> Метрически завершение укороченных строк 4 и 8 соответствует одной и той же схеме: –∪∪–, что указывает на окончание пентаметра.</p>
               <p>II в. н.э. (вероятно, вторая треть II в. н.э.).</p>
               <p>II century C.E. (probably middle of II century).</p>
            </div>
            <div id="images" class="ecg">
               <h4 class="ecg">
                  <i18n:text i18n:key="epidoc-xslt-ecg-images">Images</i18n:text>
               </h4>
               <dl>
                  <dt width="150" align="left"/>
                  <dd>
                     <a href="30.231">
                        <img title=" " src="30-thumb.231"/>
                     </a>
                  </dd>
               </dl>
            </div>
         </div>
      </body>
   </html>
</div>
