<?xml version="1.0" encoding="UTF-8"?>
<html>
   <head>
      <title>Надгробие Артемидора, сына Гефестия </title>
      <meta http-equiv="content-type" content="text/html; charset=UTF-8"/>
      <link rel="stylesheet"
             type="text/css"
             media="screen, projection"
             href="../xsl/global.css"/>
   </head>
   <body>
      <h1>Надгробие Артемидора, сына Гефестия </h1>
      <p>
         <b>Edition: </b>
      </p>
      <p>
         <b>Description: </b>Верхняя часть стелы, украшенной карнизом и монолитным акротерием. Под карнизом вырезана двухстрочная надпись.<br/>
         <b>Text: </b>
         <br/>
         <b>Letters: </b>
                        Надпись выполнена небрежно, строки не выровнены по центру, буквы неровные. 
                           Альфа с прямой перекладиной, мю с наклонными боковыми линиями и короткими внутренними гастами, 
                           сигма с расходящимися верхней и нижней гастами, широкая омега без сближения нижних концов дуги.
                        
                        3
                     </p>
      <p>
         <b>Date: </b>
                        Вторая половина IV - начало III в. до н. э.
                        2nd half of IVth - early IIIrd century B.C.
                     </p>
      <p>
         <b>Findspot: </b>
                        Черноморское (Северо-Западный Крым).
                        Найдена случайно в 2008 г. на северном берегу Ак-Мечетской бухты (извлечена со дна моря).
                        Chernomorskoye.
                  <br/>
         <b>Original location: </b>
                        Калос Лимен.
                        Kalos Limen.
                     <br/>
         <b>Last recorded location: </b>
                     Черноморское, Крым.
                     Chernomorskoye, Crimea.
                  </p>
      <div id="edition">
         <p>
            <b>Edition:</b>
         </p>
         <div id="edition" lang="grc">
            <div class="textpart" lang="grc">
               <span class="ab">
                  <a id="al1"><!--0--></a>Ἀρτιμίδωρος <br id="al2"/>Ἁφαιστίο </span>
            </div>
         </div>
      </div>
      <div id="apparatus">
         <div id="apparatus">
            <h2>Apparatus</h2>
            <p>
               <span class=""/>
            </p>
         </div>
      </div>
      <div id="translation">
         <h4 class="slimmer">Translation:</h4>
         <p>Артемидор, (сын) Гефестия.</p>
         <p/>
      </div>
      <div id="commentary">
         <h4 class="slimmer">Commentary:</h4>
         <p/>
         <p/>
      </div>
   </body>
</html>
