<?xml version="1.0" encoding="UTF-8"?>
<html>
   <head>
      <title>Декрет (?) римского времени Decree (?)</title>
      <meta http-equiv="content-type" content="text/html; charset=UTF-8"/>
      <link rel="stylesheet"
             type="text/css"
             media="screen, projection"
             href="../xsl/global.css"/>
   </head>
   <body>
      <h1>Декрет (?) римского времени Decree (?)</h1>
      <p>
         <b>Edition: </b>
      </p>
      <p>
         <b>Description: </b>Два не соединяющихся фрагмента плиты, обломанных со всех сторон. Лицевая и тыльная стороны хорошо отполированы. 
                              На каждом фрагменте сохранились остатки трех строк надписи, вырезанной по предварительной разметке.<br/>
         <b>Text: </b>
         <br/>
         <b>Letters: </b>
                        Курсивные мю, омега; крупный овальный омикрон, прямоугольная сигма, апексы.
                        Cursive mu, omega; large oval omicron, rectangular sigma; serifs.
                        1,2
                     </p>
      <p>
         <b>Date: </b>
                        2-я пол. II – нач. III в. н.э.
                        2nd half of IInd - early IIIrd cent. C.E.
                     </p>
      <p>
         <b>Findspot: </b>
                        Севастополь (Херсонес).
                        Найдены в 1976 г. Раскопки М.И. Золотарева.
                        в северо-восточном районе Херсонеса, в колодце на площади около Восточной базилики.
                        Sevastopol (Chersonesos).
                  <br/>
         <b>Original location: </b>
                        Херсонес.
                        Chersonesos.
                     <br/>
         <b>Last recorded location: </b>
                     Севастополь.
                     Sevastopol.
                  </p>
      <div id="edition">
         <p>
            <b>Edition:</b>
         </p>
         <div id="edition" lang="grc">
            <span class="textpartnumber" id="ab1">1</span>
            <br/>
            <div class="textpart" lang="grc">
               <span class="ab">
                  <a id="a1-l0"><!--0--></a>[<span dir="ltr" class="gap">------</span>] <br id="a1-l1"/>[<span dir="ltr" class="gap">---</span>]ΑΤ[<span dir="ltr" class="gap">---</span>] <br id="a1-l2"/>[<span dir="ltr" class="gap">---</span>]ΑΥΤΟ<span dir="ltr" class="gap">+</span>[<span dir="ltr" class="gap">---</span>] <br id="a1-l3"/>[<span dir="ltr" class="gap">---</span>]<span dir="ltr" class="gap">+</span>ΑΣΜΙΩ[<span dir="ltr" class="gap">---</span>] <br id="a1-l3a"/>[<span dir="ltr" class="gap">------</span>] </span>
            </div>
            <span class="textpartnumber" id="ab2">2</span>
            <br/>
            <div class="textpart" lang="grc">
               <span class="ab">
                  <a id="a2-l0"><!--0--></a>[<span dir="ltr" class="gap">------</span>] <br id="a2-l1"/>[<span dir="ltr" class="gap">---</span>]<span dir="ltr" class="gap">+</span>[<span dir="ltr" class="gap">---</span>] <br id="a2-l2"/>[<span dir="ltr" class="gap">---</span>]ΑΤΟ[<span dir="ltr" class="gap">---</span>] <br id="a2-l3"/>[<span dir="ltr" class="gap">---</span>]ΤΑΤ[<span dir="ltr" class="gap">---</span>] <br id="a2-l3a"/>[<span dir="ltr" class="gap">------</span>] </span>
            </div>
         </div>
      </div>
      <div id="apparatus">
         <div id="apparatus">
            <h2>Apparatus</h2>
            <p>
               <div>
                  <h2>textpart</h2>
                  <span class="2">2: <span>в конце стк. видна часть вертикальной гасты</span>
                  </span>
                  <br/>
                  <span class="2-3">2-3: [- - -] Αὐτοκ̣[ράτορι Καίσαρι - - - / - - - σεβ]ασμίω[ι - - -] <span>ed. pr.</span>
                  </span>
                  <br/>
                  <span class="3">3: <span>в начале стк. след изогнутой линии</span>
                     <span>om. ed. pr.</span>
                  </span>
               </div>
               <div>
                  <h2>textpart</h2>
                  <span class="1">1: <span>видна нижняя часть наклонной гасты</span>
                  </span>
                  <br/>
                  <span class="2-3">2-3: [τὸ δὲ ψάφισμ]α το̣[ῦτο ἀναγραφᾶμεν λευκολίθου στάλᾳ καὶ θέμεν / ἐν τῷ ἐπισαμο]τάτ[ῳ τᾶς πόλιος τόπῳ - - -] <span>ed. pr.</span>
                  </span>
               </div>
            </p>
         </div>
      </div>
      <div id="translation">
         <h4 class="slimmer">Translation:</h4>
         <p/>
         <p/>
      </div>
      <div id="commentary">
         <h4 class="slimmer">Commentary:</h4>
         <p/>
         <p/>
      </div>
   </body>
</html>
