<?xml version="1.0" encoding="UTF-8"?>
<div xmlns:xs="http://www.w3.org/2001/XMLSchema">
   <html xmlns:fn="http://www.w3.org/2005/xpath-functions">
      <head>
         <title>PE3000014</title>
         <meta http-equiv="content-type" content="text/html; charset=UTF-8"/>
         <link rel="stylesheet"
                type="text/css"
                media="screen, projection"
                href="../xsl/global.css"/>
      </head>
      <body>
         <h1>PE3000014</h1>
         <div id="creta-inscription-body" class="creta">
            <div id="title" class="creta">
               <h1>Надгробие ЭсхинаEpitaph of Aischinas</h1>
            </div>
            <div id="descriptive_lemma" class="creta">
               <p>
                  <b>Tipologia documentaria: </b> Надгробная надпись. Epitaph. </p>
               <p>
                  <b>Supporto: </b> Стела. Stele. Известняк. Limestone. <p>Верхняя часть стелы с карнизом с антефиксами. Лицевая грань украшена рельефными розетками. Между карнизом и розетками без предварительной разметки вырезана двухстрочная надпись. Под розетками коричневой краской нанесено изображение суковатого посоха.</p>
                  <p>Upper part of a stele bearing cornice with antefixes. On the front - two relief rosettes. Between the cornice and rosettes - a two-line inscription is carved {без предварительной разметки}. Below the rosettes - knobbly stick painted in brown.</p> 108,0 31,5 15,0 </p>
               <p>
                  <b>Disposizione del testo: </b>
               </p>
               <p>
                  <b>Scrittura: </b>h. 1,8</p>
               <p>
                  <b>Datazione: </b>
                        Кон. IV - 1-я пол. III в. до н.э.
                        Late IVth - 1st half of IIIrd century B.C.E.
                     </p>
               <p>
                  <b>Provenienza: </b> Херсонес. Chersonesos. </p>
               <p>
                  <b>Luogo di ritrovamento: </b> Севастополь (Херсонес). Найдена в 1960 г. Раскопки С.Ф. Стржелецкого (НА НЗХТ, д. 30). Юго-восточный район Херсонеса, оборонительные стены, ядро башни XVII (башня Зенона), кладка. Sevastopol (Chersonesos). Found in 1960, excavations of S.F. Strzheletsky (НА НЗХТ, д. 30). Southeast sector of Chersonesos, fortification walls, Tower XVII ("Zeno's Tower"), masonry. </p>
               <p>
                  <b>Collocazione attuale: </b>Государственный ЭрмитажState Hermitage</p>
            </div>
            <div id="bibliography" class="creta"/>
            <div id="edition" class="creta">
               <div id="edition" lang="grc">
                  <div class="textpart" lang="grc">
                     <span class="ab">
                        <a id="al1"><!--0--></a>Αἰσχίνας <br id="al2"/>Γέροντος. </span>
                  </div>
               </div>
            </div>
            <div id="apparatus" class="creta"/>
            <div id="translation" class="creta">
               <p>Эсхин, (сын) Геронта.</p>
               <p>Aischinas, (son of) Geron.</p>
            </div>
            <div id="commentary" class="creta">
               <p>Согласно атрибуции Posamentir 2011, 38 стела относится к «кругу мастерской Санниона». Другие примеры использования этих личных имен в Херсонесе см. LGPN IV.</p>
               <p/>
            </div>
         </div>
      </body>
   </html>
</div>
