<?xml version="1.0" encoding="UTF-8"?>
<html xmlns:i18n="http://apache.org/cocoon/i18n/2.1">
   <head>
      <title>Метрическая эпитафия Metrical epitaph</title>
      <meta http-equiv="content-type" content="text/html; charset=UTF-8"/>
      <link rel="stylesheet"
             type="text/css"
             media="screen, projection"
             href="../xsl/global.css"/>
   </head>
   <body>
      <h1>Метрическая эпитафия Metrical epitaph</h1>
      <div id="stone">
         <h3 class="iospe">
            <i18n:text i18n:key="epidoc-xslt-iospe-monument">Monument</i18n:text>
         </h3>
         <dl class="iospe">
            <dt width="150" align="left">
               <i18n:text i18n:key="epidoc-xslt-iospe-monument-type">Type of monument</i18n:text>
            </dt>
            <dd>Плита. Panel.</dd>
            <dt width="150" align="left">
               <i18n:text i18n:key="epidoc-xslt-iospe-material">Material</i18n:text>
            </dt>
            <dd>Мрамор. Marble.</dd>
            <dt width="150" align="left">
               <i18n:text i18n:key="epidoc-xslt-iospe-description">Description and condition</i18n:text>
            </dt>
            <dd>Обломана со всех сторон. Лицевой фас плиты тщательно
                              обработан, тыльная сторона плиты обработана суммарно. На лицевой
                              стороне сохранилось двенадцать строк надписи, вырезанной по
                              предварительной разметке. </dd>
         </dl>
         <dl class="iospe">
            <dt width="150" align="left">
               <i18n:text i18n:key="epidoc-xslt-iospe-find-place">Find place</i18n:text>
            </dt>
            <dd>Севастополь
                           (Херсонес). Sevastopol (Chersonesos).</dd>
            <dt width="150" align="left">
               <i18n:text i18n:key="epidoc-xslt-iospe-find-circumstances">Find circumstances</i18n:text>
            </dt>
            <dd>Найдена в 1987 г. в юго-восточном районе
                           херсонесского городища на участке «цитадели» в засыпи куртины 19
                           оборонительной стены. Раскопки И.А. Антоновой. Found in....</dd>
            <dt width="150" align="left">
               <i18n:text i18n:key="epidoc-xslt-iospe-find-context">Find context</i18n:text>
            </dt>
            <dd>
               <i18n:text i18n:key="epidoc-xslt-iospe-unknown">Unknown</i18n:text>
            </dd>
            <dt width="150" align="left">
               <i18n:text i18n:key="epidoc-xslt-iospe-modern-location">Modern location</i18n:text>
            </dt>
            <dd>
                     Севастополь.
                     Sevastopol.
                  </dd>
            <dt width="150" align="left">
               <i18n:text i18n:key="epidoc-xslt-iospe-dimensions">Dimensions</i18n:text>
            </dt>
            <dd>H. 26,0,W. 17,0,Th. 7,5</dd>
            <dt width="150" align="left">
               <i18n:text i18n:key="epidoc-xslt-iospe-institution-inventory">Institution and inventory</i18n:text>
            </dt>
            <dd>Национальный заповедник "Херсонес Таврический" National Preserve of Tauric Chersonesos30/37193 30/37193</dd>
         </dl>
      </div>
      <div id="text-field">
         <h3 class="iospe">
            <i18n:text i18n:key="epidoc-xslt-iospe-inscribed-field">Inscribed field</i18n:text>
         </h3>
         <dl class="iospe">
            <dt width="150" align="left">
               <i18n:text i18n:key="epidoc-xslt-iospe-placement-text">Placement of text</i18n:text>
            </dt>
            <dd>
                           
                           
                        </dd>
            <dt width="150" align="left">
               <i18n:text i18n:key="epidoc-xslt-iospe-style-lettering">Style of lettering</i18n:text>
            </dt>
            <dd/>
            <dt width="150" align="left">
               <i18n:text i18n:key="epidoc-xslt-iospe-letterheights">Letterheights</i18n:text>
            </dt>
            <dd>1,0</dd>
         </dl>
      </div>
      <div id="text">
         <h3 class="iospe">
            <i18n:text i18n:key="epidoc-xslt-iospe-text">Text</i18n:text>
         </h3>
         <dl class="iospe">
            <dt>
               <i18n:text i18n:key="epidoc-xslt-iospe-origin">Origin</i18n:text>
            </dt>
            <dd>
                        Херсонес.
                        Chersonesos.
                     </dd>
            <dt>
               <i18n:text i18n:key="epidoc-xslt-iospe-category">Category</i18n:text>
            </dt>
            <dd>
                     Надгробная надпись.
                     Epitaph.
                  </dd>
            <dt>
               <i18n:text i18n:key="epidoc-xslt-iospe-date">Date</i18n:text>
            </dt>
            <dd>
                        II в. н.э.
                        IInd century C.E.
                     </dd>
            <dt>
               <i18n:text i18n:key="epidoc-xslt-iospe-dating-criteria">Dating criteria</i18n:text>
            </dt>
            <dd>палеография</dd>
            <dt>
               <i18n:text i18n:key="epidoc-xslt-iospe-editions">Editions</i18n:text>
            </dt>
            <dd>
               <div id="bibliography">
                  <h2>bibliography</h2>
                  <ul> 113 ( 59, 815 2010, 463) </ul>
               </div>
               <div id="bibliography">
                  <h2>bibliography: commentaries</h2>
                  <ul> </ul>
               </div>
            </dd>
         </dl>
         <div id="edition" class="iospe">
            <div id="edition" lang="grc">
               <div class="textpart" lang="grc">
                  <span class="ab">
                     <a id="al0"><!--0--></a>
                     <span dir="ltr">( vac. )</span>
                     <br id="al1"/>
                     <div class="textpart" lang="grc">[<span dir="ltr" class="gap">------</span>? ἔκρυψ]ε̣ χ̣θὼν μὲν ΡΑ[<span dir="ltr" class="gap">---</span>] <br id="al2"/>[<span dir="ltr" class="gap">------</span>σῶ]μ̣'̣ ὑποδεξαμέν̣[α <span dir="ltr" class="gap">------</span>]</div>
                     <br id="al3"/>
                     <div class="textpart" lang="grc">[<span dir="ltr" class="gap">------</span> ψυχὰ] πταμένα ποτ’ Ὄλυμ̣[πον] <br id="al4"/>[<span dir="ltr" class="gap">------</span> μ]ε&lt;λ&gt;ισταγέος <span dir="ltr">( vac. )</span>.</div>
                     <br id="al5"/>
                     <span class="linenumber">5</span>
                     <div class="textpart" lang="grc">[<span dir="ltr" class="gap">------</span> Ἀίδας?] ε̣ὐνὰς ἐπόρεξε ταν̣[ύσας <span dir="ltr" class="gap">---</span>] <br id="al6"/>[<span dir="ltr" class="gap">------</span> ο]ἴμου <span dir="ltr">( vac. 4)</span>. ἐπουρα̣ν[ίων <span dir="ltr" class="gap">---</span>]</div>
                     <br id="al7"/>
                     <div class="textpart" lang="grc">[<span dir="ltr" class="gap">------</span>] ὑπὸ δαίμονος ἁρπ̣[α<span dir="ltr" class="gap">------</span>] <br id="al8"/>[<span dir="ltr" class="gap">------</span> θεᾷ π]ε̣ίθεθ’ ὑποχθονίᾳ <span dir="ltr">( vac. )</span>
                     </div>
                     <br id="al9"/>
                     <div class="textpart" lang="grc">[<span dir="ltr" class="gap">------</span>]ΛΛΟΣ ἔφυ ΚΑΚΟ[<span dir="ltr" class="gap">.</span>]Η[<span dir="ltr" class="gap">---</span>] <br id="al10"/>
                        <span class="linenumber">10</span>[<span dir="ltr" class="gap">------</span>]Σ φωτὸς ΙΔΜ[<span dir="ltr" class="gap">---</span>]</div>
                     <br id="al11"/>
                     <div class="textpart" lang="grc">[<span dir="ltr" class="gap">------</span> Ἄιδο]ς ἀστεμφέο[ς <span dir="ltr" class="gap">---</span>] <br id="al12"/>[<span dir="ltr" class="gap">------</span> π]ά̣γχυ ποιή̣[σας? <span dir="ltr" class="gap">---</span>]</div>
                     <br id="al13"/>
                     <span dir="ltr">( vac. )</span>
                  </span>
               </div>
            </div>
         </div>
         <div id="apparatus" class="iospe">
            <h4 class="iospe">
               <i18n:text i18n:key="epidoc-xslt-iospe-apparatus">Apparatus</i18n:text>
            </h4>
            <span class="">
               <span>В конце стк. 4 и 8 vacat обозначает, очевидно, окончание пентаметра.</span>
            </span>; <span class="1">
               <span>в конце строки видна нижняя часть вертикали и следы косой гасты (возможно, Ν, Κ, Μ, Λ).</span>
            </span>
            <br/>
            <span class="3">3: <span>в конце строки след от косой черты, вероятно, M.</span>
            </span>
            <br/>
            <span class="3/4">3/4: <span>e.g.</span> [ἀθάνατος δ’ αἰεὶ ψυχὰ] πταμένα ποτ’ Ὄλυμ̣[πον | ναιετάει χώρου δῶμα μ]ε[λ]ισταγέος. </span>
            <br/>
            <span class="4">4: ΕΔΙΣΤΑΓΕΟΣ <span>lapis.</span>
            </span>
            <br/>
            <span class="7">7: <span>в начале строки след неопределенной буквы (T ?);</span>
               <span>fin.:</span>ἁρπ̣[ασθέντι] <span>vel</span> ἁρπ̣[ασθεῖσα] </span>
            <br/>
            <span class="9">9: <span>в конце строки вероятна S.</span>
            </span>
            <br/>
            <span class="10">10: <span>e.g.</span> φωτὸς ἴδμ̣[ονος εὐσεβίας] </span>; <span class="10">
               <span>в конце строки, вероятно, M или A.</span>
            </span>
            <br/>
            <span class="11">11: <span>cf. GV 15124: </span>ἀστημφὴς Ἀίδης. </span>
            <br/>
            <span class="12">12: <span>от последней буквы сохранилась вертикальная гаста (H ?).</span>
            </span>
         </div>
         <div id="translation" class="iospe">
            <h4 class="iospe">
               <i18n:text i18n:key="epidoc-xslt-iospe-translation">Translation</i18n:text>
            </h4>
            <p>[--- Аид] широко расстелил (свое) ложе, --- дороги бессмертных, --- похищенному роком, --- повиновался подземной [богине ---].</p>
            <p/>
         </div>
         <div id="commentary" class="iospe">
            <h4 class="iospe">
               <i18n:text i18n:key="epidoc-xslt-iospe-commentary">Commentary</i18n:text>
            </h4>
            <p> Метрически завершение укороченных строк 4 и 8 соответствует одной и той же схеме: –∪∪–, что указывает на окончание пентаметра.</p>
            <p>II в. н.э. (вероятно, вторая треть II в. н.э.).</p>
            <p>II century C.E. (probably middle of II century).</p>
         </div>
      </div>
   </body>
</html>
