<?xml version="1.0" encoding="UTF-8"?>
<html xmlns:i18n="http://apache.org/cocoon/i18n/2.1">
   <head>
      <title>T22300. Fragmentary ephebic names</title>
      <meta http-equiv="content-type" content="text/html; charset=UTF-8"/>
      <link rel="stylesheet"
             type="text/css"
             media="screen, projection"
             href="../xsl/global.css"/>
   </head>
   <body>
      <h1>T22300. Fragmentary ephebic names</h1>
      <div id="metadata">
         <p>
            <b>Description: </b>Sandstone block. </p>
         <p>
            <b>Text: </b>Incised on the face, in two hands</p>
         <p>
            <b>Letters: </b> i: 0.06-0.08; ii: 0.09. </p>
         <p>
            <b>Date: </b>Late first century B.C.- early second century A.D.  (lettering, context)</p>
         <p>
            <b>Findspot: </b>
            <p> Teuchira: South Wall: The second Tower, the first tower to the west of the angle.</p>
         </p>
         <p>
            <b>Original location: </b>Gymnasium</p>
         <p>
            <b>Current repository: </b>n/a</p>
         <p>
            <b>Last recorded location(s): </b>
            <p>Reused in a modern wall, South of the city-wall.</p>
         </p>
         <p>
            <b>Text type: </b>ephebicname </p>
      </div>
      <div id="file_metadata">
         <p>
            <b>Editor(s): </b>Joyce M. Reynolds</p>
         <p>
            <b>Changes history: </b>2012-11-05 GB moved text-constituted-from to profileDesc/creation; 2012-10-16 GB broke provenance events into multiple provenance elements; 2011-03-17 MGDA Tagged header information; 2010-08-04 GB Converted from TEI P4 (EpiDoc DTD v. 6) to P5 (EpiDoc RNG schema v. 8); 2009-08-14 Pietro Tokenized; 2008-07-14 GB mailmerged: created from template</p>
         <p>
            <b>Publication details: </b>Centre for Computing in the Humanities, King's College London;  <p>Creative Commons licence Attribution UK 2.0 ()</p>
            <p>All reuse or distribution of this work must contain somewhere a link back to the URL </p>
         </p>
      </div>
      <div class="section-container tabs" data-section="tabs">
         <section>
            <p class="title" data-section-title="data-section-title">
               <a href="#">Interpretive</a>
            </p>
            <div class="content"
                  id="edition"
                  data-section-content="data-section-content">
               <div id="edition" lang="grc">
                  <span class="textpartnumber" id="abi">i</span>
                  <br/>
                  <div class="textpart" lang="grc">
                     <span class="ab">
                        <a id="ai-l1"><!--0--></a>[<span dir="ltr" class="gap">---</span>]ΑΖΗ[<span dir="ltr" class="gap">---</span>] <br id="ai-l2"/>[<span dir="ltr" class="gap">---</span>]ΗΙΑΙ[<span dir="ltr" class="gap">---</span>] </span>
                  </div>
                  <span class="textpartnumber" id="abii">ii</span>
                  <br/>
                  <div class="textpart" lang="grc">
                     <span class="ab">
                        <a id="aii-l1"><!--0--></a>[<span dir="ltr" class="gap">---</span>Δ]άφνις Ι[<span dir="ltr" class="gap">---</span>] <br id="aii-l2"/>[<span dir="ltr" class="gap">---</span>]ΑΡΑ[<span dir="ltr" class="gap">---</span>] </span>
                  </div>
               </div>
            </div>
         </section>
         <section>
            <p class="title" data-section-title="data-section-title">
               <a href="#">Diplomatic</a>
            </p>
            <div class="content"
                  id="diplomatic"
                  data-section-content="data-section-content">
               <div id="edition" lang="grc">
                  <span class="textpartnumber" id="abi">i</span>
                  <br/>
                  <div class="textpart" lang="grc">
                     <span class="ab">
                        <a id="ai-l1"><!--0--></a>[<span dir="ltr" class="gap">---</span>]ΑΖΗ[<span dir="ltr" class="gap">---</span>]<br id="ai-l2"/>[<span dir="ltr" class="gap">---</span>]ΗΙΑΙ[<span dir="ltr" class="gap">---</span>]</span>
                  </div>
                  <span class="textpartnumber" id="abii">ii</span>
                  <br/>
                  <div class="textpart" lang="grc">
                     <span class="ab">
                        <a id="aii-l1"><!--0--></a>[<span dir="ltr" class="gap">---</span>.]ΑΦΝΙΣΙ[<span dir="ltr" class="gap">---</span>]<br id="aii-l2"/>[<span dir="ltr" class="gap">---</span>]ΑΡΑ[<span dir="ltr" class="gap">---</span>]</span>
                  </div>
               </div>
            </div>
         </section>
      </div>
      <div id="translation">
         <h3>Translation </h3>
         <p/>
      </div>
      <div id="commentary">
         <h3>Commentary </h3>
         <p/>
      </div>
      <div id="bibliography">
         <h3>Bibliography
          </h3>
         <p/>
         <p>
            <b>Text constituted from: </b>Transcription (Reynolds).</p>
      </div>
      <div id="images">
         <h3>Images</h3>
         <span> </span>
         <a href="JMRNS01_004">
            <img title="T22300 &#xA;      and T22400 (Reynolds NS.I.4)"
                  src="-thumb.JMRNS01_004"/>
         </a>
         <span> </span>
         <strong>Fig. 1</strong>. <a target="_blank" href="t22300.html">T22300</a> and <a target="_blank" href="t22400.html">T22400</a> (Reynolds NS.I.4)<br/>
         <br/>
         <span> </span>
         <a href="JMRNS01_005">
            <img title="T22300 &#xA;         and T22400 (Reynolds NS.I.5)"
                  src="-thumb.JMRNS01_005"/>
         </a>
         <span> </span>
         <strong>Fig. 2</strong>. <a target="_blank" href="t22300.html">T22300</a> and <a target="_blank" href="t22400.html">T22400</a> (Reynolds NS.I.5)<br/>
         <br/>
         <span> </span>
         <a href="JMRNS01_006">
            <img title="T22300 &#xA;         and T22400 (Reynolds NS.I.6)"
                  src="-thumb.JMRNS01_006"/>
         </a>
         <span> </span>
         <strong>Fig. 3</strong>. <a target="_blank" href="t22300.html">T22300</a> and <a target="_blank" href="t22400.html">T22400</a> (Reynolds NS.I.6)<br/>
         <br/>
      </div>
   </body>
</html>
