<?xml version="1.0" encoding="UTF-8"?>
<html xmlns:fn="http://www.w3.org/2005/xpath-functions"
       xmlns:i18n="http://apache.org/cocoon/i18n/2.1"
       xmlns:kiln="http://www.kcl.ac.uk/artshums/depts/ddh/kiln/ns/1.0">
   <head>
      <title>T22300. Fragmentary ephebic names</title>
      <meta http-equiv="content-type" content="text/html; charset=UTF-8"/>
      <link rel="stylesheet"
             type="text/css"
             media="screen, projection"
             href="../xsl/global.css"/>
   </head>
   <body>
      <h1>T22300. Fragmentary ephebic names</h1>
      <div id="full-edition">
         <div id="edition-text">
            <div id="source-description">
               <p>
                  <b>Description: </b>Sandstone block.</p>
               <p>
                  <b>Text: </b>Incised on the face, in two hands</p>
               <p>
                  <b>Letters: </b>i: 0.06-0.08; ii: 0.09.</p>
               <p>
                  <b>Date: </b>Late first century B.C.- early second century A.D.  (lettering, context)</p>
               <p>
                  <b>Findspot: </b>
                  <a href="http://pleiades.stoa.org/places/373736" target="_blank">Teuchira</a>: 
                              South Wall: The second Tower, the first tower to the west of the angle.</p>
               <p>
                  <b>Original location: </b>Gymnasium</p>
               <p>
                  <b>Last recorded location: </b>
                           Reused in a modern wall, South of the city-wall.
                        </p>
            </div>
            <div class="section-container tabs" data-section="tabs">
               <section>
                  <p class="title" data-section-title="data-section-title">
                     <a href="#">Interpretive</a>
                  </p>
                  <div class="content"
                        id="edition"
                        data-section-content="data-section-content">
                     <div id="edition" lang="grc">
                        <span class="textpartnumber" id="abi">i</span>
                        <br/>
                        <div class="textpart" lang="grc">
                           <span class="ab">
                              <a id="ai-l1"><!--0--></a>[<span dir="ltr" class="gap">---</span>]ΑΖΗ[<span dir="ltr" class="gap">---</span>] <br id="ai-l2"/>[<span dir="ltr" class="gap">---</span>]ΗΙΑΙ[<span dir="ltr" class="gap">---</span>] </span>
                        </div>
                        <span class="textpartnumber" id="abii">ii</span>
                        <br/>
                        <div class="textpart" lang="grc">
                           <span class="ab">
                              <a id="aii-l1"><!--0--></a>[<span dir="ltr" class="gap">---</span>Δ]άφνις Ι[<span dir="ltr" class="gap">---</span>] <br id="aii-l2"/>[<span dir="ltr" class="gap">---</span>]ΑΡΑ[<span dir="ltr" class="gap">---</span>] </span>
                        </div>
                     </div>
                  </div>
               </section>
               <section>
                  <p class="title" data-section-title="data-section-title">
                     <a href="#">Diplomatic</a>
                  </p>
                  <div class="content"
                        id="diplomatic"
                        data-section-content="data-section-content">
                     <div id="edition" lang="grc">
                        <span class="textpartnumber" id="abi">i</span>
                        <br/>
                        <div class="textpart" lang="grc">
                           <span class="ab">
                              <a id="ai-l1"><!--0--></a>[<span dir="ltr" class="gap">---</span>]ΑΖΗ[<span dir="ltr" class="gap">---</span>]<br id="ai-l2"/>[<span dir="ltr" class="gap">---</span>]ΗΙΑΙ[<span dir="ltr" class="gap">---</span>]</span>
                        </div>
                        <span class="textpartnumber" id="abii">ii</span>
                        <br/>
                        <div class="textpart" lang="grc">
                           <span class="ab">
                              <a id="aii-l1"><!--0--></a>[<span dir="ltr" class="gap">---</span>.]ΑΦΝΙΣΙ[<span dir="ltr" class="gap">---</span>]<br id="aii-l2"/>[<span dir="ltr" class="gap">---</span>]ΑΡΑ[<span dir="ltr" class="gap">---</span>]</span>
                        </div>
                     </div>
                  </div>
               </section>
            </div>
            <p>
               <b>Bibliography: </b>
               <br/>
               <b>Text constituted from: </b>Transcription (Reynolds).</p>
         </div>
         <div id="edition-images-maps">
            <div id="images">
               <h3>Images</h3>
               <div class="embedded_image">
                  <a href="JMRNS01_004">
                     <img title="T22300 &#xA;      and T22400 (Reynolds NS.I.4)"
                           src="-thumb.JMRNS01_004"/>
                  </a>
                  <p style="margin-top:5px">
                     <strong>Fig. 1</strong>. <a target="_blank" href="t22300.html">T22300</a> and <a target="_blank" href="t22400.html">T22400</a> (Reynolds NS.I.4)</p>
               </div>
               <div class="embedded_image">
                  <a href="JMRNS01_005">
                     <img title="T22300 &#xA;         and T22400 (Reynolds NS.I.5)"
                           src="-thumb.JMRNS01_005"/>
                  </a>
                  <p style="margin-top:5px">
                     <strong>Fig. 2</strong>. <a target="_blank" href="t22300.html">T22300</a> and <a target="_blank" href="t22400.html">T22400</a> (Reynolds NS.I.5)</p>
               </div>
               <div class="embedded_image">
                  <a href="JMRNS01_006">
                     <img title="T22300 &#xA;         and T22400 (Reynolds NS.I.6)"
                           src="-thumb.JMRNS01_006"/>
                  </a>
                  <p style="margin-top:5px">
                     <strong>Fig. 3</strong>. <a target="_blank" href="t22300.html">T22300</a> and <a target="_blank" href="t22400.html">T22400</a> (Reynolds NS.I.6)</p>
               </div>
            </div>
         </div>
      </div>
   </body>
</html>
