<?xml version="1.0" encoding="UTF-8"?>
<div xmlns:xs="http://www.w3.org/2001/XMLSchema">
   <html xmlns:fn="http://www.w3.org/2005/xpath-functions">
      <head>
         <title>T22300</title>
         <meta http-equiv="content-type" content="text/html; charset=UTF-8"/>
         <link rel="stylesheet"
                type="text/css"
                media="screen, projection"
                href="../xsl/global.css"/>
      </head>
      <body>
         <h1>T22300</h1>
         <div id="creta-inscription-body" class="creta">
            <div id="title" class="creta">
               <h1>Fragmentary ephebic names</h1>
            </div>
            <div id="descriptive_lemma" class="creta">
               <p>
                  <b>Tipologia documentaria: </b>?</p>
               <p>
                  <b>Supporto: </b>
                  <p>Sandstone block.</p>
               </p>
               <p>
                  <b>Disposizione del testo: </b>Incised on the face, in two hands</p>
               <p>
                  <b>Scrittura: </b>h. 0.06-0.08 0.09</p>
               <p>
                  <b>Datazione: </b>Late first century B.C.- early second century A.D. </p>
               <p>
                  <b>Provenienza: </b>Gymnasium</p>
               <p>
                  <b>Luogo di ritrovamento: </b>
                  <p> Teuchira: South Wall: The second Tower, the first tower to the west of the angle.</p>
               </p>
               <p>
                  <b>Collocazione attuale: </b>?</p>
            </div>
            <div id="bibliography" class="creta">
               <p/>
            </div>
            <div id="edition" class="creta">
               <div id="edition" lang="grc">
                  <span class="textpartnumber" id="abi">i</span>
                  <br/>
                  <div class="textpart" lang="grc">
                     <span class="ab">
                        <a id="ai-l1"><!--0--></a>[<span dir="ltr" class="gap">---</span>]ΑΖΗ[<span dir="ltr" class="gap">---</span>] <br id="ai-l2"/>[<span dir="ltr" class="gap">---</span>]ΗΙΑΙ[<span dir="ltr" class="gap">---</span>] </span>
                  </div>
                  <span class="textpartnumber" id="abii">ii</span>
                  <br/>
                  <div class="textpart" lang="grc">
                     <span class="ab">
                        <a id="aii-l1"><!--0--></a>[<span dir="ltr" class="gap">---</span>Δ]άφνις Ι[<span dir="ltr" class="gap">---</span>] <br id="aii-l2"/>[<span dir="ltr" class="gap">---</span>]ΑΡΑ[<span dir="ltr" class="gap">---</span>] </span>
                  </div>
               </div>
            </div>
            <div id="translation" class="creta">
               <p/>
            </div>
            <div id="commentary" class="creta">
               <p/>
            </div>
         </div>
      </body>
   </html>
</div>
