<?xml version="1.0" encoding="UTF-8"?>
<html>
   <head>
      <title>T. 223. Fragmentary ephebic names</title>
      <meta http-equiv="content-type" content="text/html; charset=UTF-8"/>
      <link rel="stylesheet"
             type="text/css"
             media="screen, projection"
             href="../xsl/global.css"/>
   </head>
   <body>
      <h1>T. 223. Fragmentary ephebic names</h1>
      <p>
         <b>Edition: </b>
         <br/>
         <b>Text constituted from: </b>Transcription (Reynolds).</p>
      <p>
         <b>Description: </b>Sandstone block.<br/>
         <b>Text: </b>Incised on the face, in two hands<br/>
         <b>Letters: </b>i: 0.06-0.08;  ii: 0.09.</p>
      <p>
         <b>Date: </b>Late first century B.C.- early second century A.D. </p>
      <p>
         <b>Findspot: </b>
         <a href="http://pleiades.stoa.org/places/373736">Teuchira</a>: 
                              South Wall: The second Tower, the first tower to the west of the angle.
                        <br/>
         <b>Original location: </b>Gymnasium<br/>
         <b>Last recorded location: </b>
                           Reused in a modern wall, South of the city-wall.
                        </p>
      <div id="edition">
         <p>
            <b>Edition:</b>
         </p>
         <div id="edition" lang="grc">
            <span class="textpartnumber" id="abi">i</span>
            <br/>
            <div class="textpart" lang="grc">
               <span class="ab">
                  <a id="ai-l1"><!--0--></a>[<span dir="ltr" class="gap">---</span>]ΑΖΗ[<span dir="ltr" class="gap">---</span>] <br id="ai-l2"/>[<span dir="ltr" class="gap">---</span>]ΗΙΑΙ[<span dir="ltr" class="gap">---</span>] </span>
            </div>
            <span class="textpartnumber" id="abii">ii</span>
            <br/>
            <div class="textpart" lang="grc">
               <span class="ab">
                  <a id="aii-l1"><!--0--></a>[<span dir="ltr" class="gap">---</span>Δ]άφνις Ι[<span dir="ltr" class="gap">---</span>] <br id="aii-l2"/>[<span dir="ltr" class="gap">---</span>]ΑΡΑ[<span dir="ltr" class="gap">---</span>] </span>
            </div>
         </div>
      </div>
      <div id="apparatus"/>
      <div id="translation">
         <h4 class="slimmer">Translation:</h4>
         <p/>
      </div>
      <div id="commentary">
         <h4 class="slimmer">Commentary:</h4>
         <p/>
      </div>
   </body>
</html>
