<?xml version="1.0" encoding="UTF-8"?>
<html>
   <head>
      <title>T71200. Ephebic (perhaps) inscription.</title>
      <meta http-equiv="content-type" content="text/html; charset=UTF-8"/>
      <link rel="stylesheet"
             type="text/css"
             media="screen, projection"
             href="../xsl/global.css"/>
   </head>
   <body>
      <div id="facsimile-images">
         <h2>Facsimile Images</h2>
         <a href="PachoLXXXI">
            <img title="Transcription (1827, Pacho, plate LXXXI)"
                  src="-thumb.PachoLXXXI"/>
         </a>
      </div>
      <div id="bibliography">
         <h3>Bibliography</h3>
         <p> pl. LXXXI, whence 5329. </p>
      </div>
      <div id="edition" lang="grc">
         <div class="textpart" lang="grc">
            <span class="ab">
               <a id="al1"><!--0--></a>Πασικλ̣ῆ̣ϲ <br id="al2"/>Ϲώ̣[ϲ]ο[υ] (ἔτουϲ) λ´ ι̣-<br id="al3"/>α´ Χοι[άκ] </span>
         </div>
      </div>
      <div id="apparatus">
         <h2>Apparatus</h2>
         <p>
            <h3>Apparatus</h3>
            <span class="1">1: ΠΑΣΙΚΑΙϹ</span>
            <br/>
            <span class="2">2: ϹΟΟΞΛΙ; Σ[ώσου (ἐτῶν)] λ[γʹ]</span>
         </p>
      </div>
      <div id="translation">
         <h3>Translation</h3>
         <p/>
      </div>
      <div id="commentary">
         <h3>Commentary</h3>
         <p/>
      </div>
      <div id="license">
         <p>Creative Commons licence Attribution UK 2.0 (http://creativecommons.org/licenses/by/2.0/uk/)</p>
         <p>All reuse or distribution of this work must contain somewhere a link back to the URL http://inslib.kcl.ac.uk/ </p>
      </div>
   </body>
</html>
