<?xml version="1.0" encoding="UTF-8"?>
<div xmlns:xs="http://www.w3.org/2001/XMLSchema">
   <html xmlns:fn="http://www.w3.org/2005/xpath-functions">
      <head>
         <title>T71200</title>
         <meta http-equiv="content-type" content="text/html; charset=UTF-8"/>
         <link rel="stylesheet"
                type="text/css"
                media="screen, projection"
                href="../xsl/global.css"/>
      </head>
      <body>
         <h1>T71200</h1>
         <div id="creta-inscription-body" class="creta">
            <div id="title" class="creta">
               <h1>Ephebic (perhaps) inscription.</h1>
            </div>
            <div id="descriptive_lemma" class="creta">
               <p>
                  <b>Tipologia documentaria: </b>?</p>
               <p>
                  <b>Supporto: </b>
                  <p>Apparently a rectangular block, ?in a wall.</p>
               </p>
               <p>
                  <b>Disposizione del testo: </b>Inscribed on one face.</p>
               <p>
                  <b>Scrittura: </b>
               </p>
               <p>
                  <b>Datazione: </b>First to second centuries A.D.</p>
               <p>
                  <b>Provenienza: </b>Unknown.</p>
               <p>
                  <b>Luogo di ritrovamento: </b>
                  <p> Taucheira: No findspot; recorded by Pacho in 1825.</p>
               </p>
               <p>
                  <b>Collocazione attuale: </b>?</p>
            </div>
            <div id="bibliography" class="creta">
               <p>
                 pl. LXXXI, whence
                5329.
            </p>
            </div>
            <div id="edition" class="creta">
               <div id="edition" lang="grc">
                  <div class="textpart" lang="grc">
                     <span class="ab">
                        <a id="al1"><!--0--></a>Πασικλ̣ῆ̣ϲ <br id="al2"/>Ϲώ̣[ϲ]ο[υ] (ἔτουϲ) λ´ ι̣-<br id="al3"/>α´ Χοι[άκ] </span>
                  </div>
               </div>
            </div>
            <div id="apparatus" class="creta"/>
            <div id="translation" class="creta">
               <p/>
            </div>
            <div id="commentary" class="creta">
               <p/>
            </div>
         </div>
      </body>
   </html>
</div>
