<?xml version="1.0" encoding="UTF-8"?>
<html xmlns:fn="http://www.w3.org/2005/xpath-functions"
       xmlns:i18n="http://apache.org/cocoon/i18n/2.1"
       xmlns:kiln="http://www.kcl.ac.uk/artshums/depts/ddh/kiln/ns/1.0">
   <head>
      <title>T71200. Ephebic (perhaps) inscription.</title>
      <meta http-equiv="content-type" content="text/html; charset=UTF-8"/>
      <link rel="stylesheet"
             type="text/css"
             media="screen, projection"
             href="../xsl/global.css"/>
   </head>
   <body>
      <h1>T71200. Ephebic (perhaps) inscription.</h1>
      <div id="full-edition">
         <div id="edition-text">
            <div id="source-description">
               <p>
                  <b>Description: </b>Apparently a rectangular block, ?in a wall.</p>
               <p>
                  <b>Text: </b>Inscribed on one face.</p>
               <p>
                  <b>Letters: </b>First to second centuries A.D.</p>
               <p>
                  <b>Date: </b>First to second centuries A.D. (lettering)</p>
               <p>
                  <b>Findspot: </b>
                  <a href="http://pleiades.stoa.org/places/373736" target="_blank">Taucheira</a>: 
                              No findspot; recorded by Pacho in 1825.</p>
               <p>
                  <b>Original location: </b>Unknown.</p>
               <p>
                  <b>Last recorded location: </b>
                           Findspot (1825)
                        </p>
            </div>
            <div class="section-container tabs" data-section="tabs">
               <section>
                  <p class="title" data-section-title="data-section-title">
                     <a href="#">Interpretive</a>
                  </p>
                  <div class="content"
                        id="edition"
                        data-section-content="data-section-content">
                     <div id="edition" lang="grc">
                        <div class="textpart" lang="grc">
                           <span class="ab">
                              <a id="al1"><!--0--></a>Πασικλ̣ῆ̣ϲ <br id="al2"/>Ϲώ̣[ϲ]ο[υ] (ἔτουϲ) λ ι̣-<br id="al3"/>α Χοι[άκ] </span>
                        </div>
                     </div>
                  </div>
               </section>
               <section>
                  <p class="title" data-section-title="data-section-title">
                     <a href="#">Diplomatic</a>
                  </p>
                  <div class="content"
                        id="diplomatic"
                        data-section-content="data-section-content">
                     <div id="edition" lang="grc">
                        <div class="textpart" lang="grc">
                           <span class="ab">
                              <a id="al1"><!--0--></a>ΠΑΣΙΚ..Ϲ<br id="al2"/>Ϲ.[.]Ο[.] <em>
                                 <span class="smaller">year</span>
                              </em> Λ.<br id="al3"/>ΑΧΟΙ[..]</span>
                        </div>
                     </div>
                  </div>
               </section>
            </div>
            <div id="apparatus">
               <div id="apparatus">
                  <h2>Apparatus</h2>
                  <p>
                     <h3>Apparatus</h3>
                     <span class="1">1: ΠΑΣΙΚΑΙϹ pacho1827</span>
                     <br/>
                     <span class="2">2: ϹΟΟΞΛΙ pacho1827; Σ[ώσου (ἐτῶν)] λ[γʹ] cigiii</span>
                  </p>
               </div>
            </div>
            <p>
               <b>Bibliography: </b> pacho1827 pl. LXXXI, whence cigiii 5329. <br/>
               <b>Text constituted from: </b>Previous publications.</p>
         </div>
         <div id="edition-images-maps">
            <div id="images">
               <h3>Images</h3>
               <div class="embedded_image">
                  <a href="PachoLXXXI">
                     <img title="Transcription (1827, Pacho, plate LXXXI)"
                           src="-thumb.PachoLXXXI"/>
                  </a>
                  <p style="margin-top:5px">
                     <strong>Fig. 1</strong>. Transcription (1827, Pacho, plate LXXXI)</p>
               </div>
            </div>
         </div>
      </div>
   </body>
</html>
