<?xml version="1.0" encoding="UTF-8"?>
<html>
   <head>
      <title>Ephebic (perhaps) inscription.</title>
      <meta http-equiv="content-type" content="text/html; charset=UTF-8"/>
      <link rel="stylesheet"
             type="text/css"
             media="screen, projection"
             href="../xsl/global.css"/>
   </head>
   <body>
      <h1>Ephebic (perhaps) inscription.</h1>
      <div id="stone">
         <h3 class="sigidoc">Object</h3>
         <dl class="sigidoc">
            <dt width="150" align="left">Physical description</dt>
            <dd>Not specified</dd>
            <dt width="150" align="left">Material</dt>
            <dd>Not specified</dd>
            <dt width="150" align="left">Description and condition</dt>
            <dd>Apparently a rectangular block, ?in a wall.</dd>
         </dl>
         <dl class="sigidoc">
            <dt width="150" align="left">Find place</dt>
            <dd>Taucheira</dd>
            <dt width="150" align="left">Find circumstances</dt>
            <dd>Unknown</dd>
            <dt width="150" align="left">Find context</dt>
            <dd>Unknown</dd>
            <dt width="150" align="left">Current location</dt>
            <dd>
                           Findspot (1825)
                        </dd>
            <dt width="150" align="left">Dimensions (mm)</dt>
            <dd>Unknown</dd>
            <dt width="150" align="left">Weight (gr)</dt>
            <dt width="150" align="left">Institution and inventory</dt>
            <dd>Unknown</dd>
         </dl>
      </div>
      <div id="text-field">
         <h3 class="sigidoc">Inscribed field</h3>
         <dl class="sigidoc">
            <dt width="150" align="left">Placement of text</dt>
            <dd>Inscribed on one face.</dd>
            <dt width="150" align="left">Style of lettering</dt>
            <dd/>
            <dt width="150" align="left">Letterheights</dt>
            <dd>Not specified</dd>
         </dl>
      </div>
      <div id="text">
         <h3 class="sigidoc">Text</h3>
         <dl class="sigidoc">
            <dt>Origin</dt>
            <dd>Unknown.</dd>
            <dt>Category</dt>
            <dd>Not specified</dd>
            <dt>Date</dt>
            <dd>First to second centuries A.D.</dd>
            <dt>Dating criteria</dt>
            <dd>lettering</dd>
            <dt>Editions</dt>
            <dd>
               <div id="bibliography">
                  <h3>Bibliography</h3>
                  <p> pl. LXXXI, whence 5329. </p>
               </div>
            </dd>
         </dl>
         <div id="sigidoc-text" class="sigidoc">
            <div id="edition">
               <p>
                  <b>Interpretive edition:</b>
               </p>
               <div id="edition" lang="grc">
                  <div class="textpart" lang="grc">
                     <span class="ab">
                        <a id="al1"><!--0--></a>Πασικλ̣ῆ̣ϲ <br id="al2"/>Ϲώ̣[ϲ]ο[υ] (ἔτουϲ) λ´ ι̣-<br id="al3"/>α´ Χοι[άκ] </span>
                  </div>
               </div>
            </div>
            <div id="diplomatic">
               <p>
                  <b>Diplomatic edition:</b>
               </p>
               <div id="edition" lang="grc">
                  <div class="textpart" lang="grc">
                     <span class="ab">
                        <a id="al1"><!--0--></a>ΠΑΣΙΚ..Ϲ<br id="al2"/>Ϲ.[.]Ο[.] <em>
                           <span class="smaller">year</span>
                        </em> Λ.<br id="al3"/>ΑΧΟΙ[..]</span>
                  </div>
               </div>
            </div>
         </div>
         <div id="apparatus" class="sigidoc">
            <h4 class="sigidoc">Apparatus</h4>
            <span class="1">1: ΠΑΣΙΚΑΙϹ</span>
            <br/>
            <span class="2">2: ϹΟΟΞΛΙ; Σ[ώσου (ἐτῶν)] λ[γʹ]</span>
         </div>
         <div id="translation" class="sigidoc">
            <h4 class="sigidoc">Translation</h4>
            <p/>
         </div>
         <div id="commentary" class="sigidoc">
            <h4 class="sigidoc">Commentary</h4>
            <p/>
         </div>
      </div>
   </body>
</html>
