<?xml version="1.0" encoding="UTF-8"?>
<div xmlns:xs="http://www.w3.org/2001/XMLSchema">
   <html xmlns:i18n="http://apache.org/cocoon/i18n/2.1">
      <head>
         <title>Ephebic (perhaps) inscription.</title>
         <meta http-equiv="content-type" content="text/html; charset=UTF-8"/>
         <link rel="stylesheet"
                type="text/css"
                media="screen, projection"
                href="../xsl/global.css"/>
      </head>
      <body>
         <h1>Ephebic (perhaps) inscription.</h1>
         <div id="stone">
            <h3 class="ecg">
               <i18n:text i18n:key="epidoc-xslt-ecg-monument">Monument</i18n:text>
            </h3>
            <dl class="ecg">
               <dt width="150" align="left">
                  <i18n:text i18n:key="epidoc-xslt-ecg-monument-type">Type of monument</i18n:text>
               </dt>
               <dd>
                  <i18n:text i18n:key="epidoc-xslt-ecg-not-specified">Not specified</i18n:text>
               </dd>
               <dt width="150" align="left">
                  <i18n:text i18n:key="epidoc-xslt-ecg-material">Material</i18n:text>
               </dt>
               <dd>
                  <i18n:text i18n:key="epidoc-xslt-ecg-not-specified">Not specified</i18n:text>
               </dd>
               <dt width="150" align="left">
                  <i18n:text i18n:key="epidoc-xslt-ecg-description">Description and condition</i18n:text>
               </dt>
               <dd>Apparently a rectangular block, ?in a wall.</dd>
            </dl>
            <dl class="ecg">
               <dt width="150" align="left">
                  <i18n:text i18n:key="epidoc-xslt-ecg-find-place">Find place</i18n:text>
               </dt>
               <dd>Taucheira</dd>
               <dt width="150" align="left">
                  <i18n:text i18n:key="epidoc-xslt-ecg-find-circumstances">Find circumstances</i18n:text>
               </dt>
               <dd>
                  <i18n:text i18n:key="epidoc-xslt-ecg-unknown">Unknown</i18n:text>
               </dd>
               <dt width="150" align="left">
                  <i18n:text i18n:key="epidoc-xslt-ecg-find-context">Find context</i18n:text>
               </dt>
               <dd>
                  <i18n:text i18n:key="epidoc-xslt-ecg-unknown">Unknown</i18n:text>
               </dd>
               <dt width="150" align="left">
                  <i18n:text i18n:key="epidoc-xslt-ecg-modern-location">Modern location</i18n:text>
               </dt>
               <dd>
                           Findspot (1825)
                        </dd>
               <dt width="150" align="left">
                  <i18n:text i18n:key="epidoc-xslt-ecg-dimensions">Dimensions</i18n:text>
               </dt>
               <dd>
                  <i18n:text i18n:key="epidoc-xslt-ecg-unknown">Unknown</i18n:text>
               </dd>
               <dt width="150" align="left">
                  <i18n:text i18n:key="epidoc-xslt-ecg-institution-inventory">Institution and inventory</i18n:text>
               </dt>
               <dd>
                  <i18n:text i18n:key="epidoc-xslt-ecg-unknown">Unknown</i18n:text>
               </dd>
            </dl>
         </div>
         <div id="text-field">
            <h3 class="ecg">
               <i18n:text i18n:key="epidoc-xslt-ecg-inscribed-field">Inscribed field</i18n:text>
            </h3>
            <dl class="ecg">
               <dt width="150" align="left">
                  <i18n:text i18n:key="epidoc-xslt-ecg-placement-text">Placement of text</i18n:text>
               </dt>
               <dd>Inscribed on one face.</dd>
               <dt width="150" align="left">
                  <i18n:text i18n:key="epidoc-xslt-ecg-style-lettering">Style of lettering</i18n:text>
               </dt>
               <dd/>
               <dt width="150" align="left">
                  <i18n:text i18n:key="epidoc-xslt-ecg-letterheights">Letterheights</i18n:text>
               </dt>
               <dd>
                  <i18n:text i18n:key="epidoc-xslt-ecg-not-specified">Not specified</i18n:text>
               </dd>
            </dl>
         </div>
         <div id="text">
            <h3 class="ecg">
               <i18n:text i18n:key="epidoc-xslt-ecg-text">Text</i18n:text>
            </h3>
            <dl class="ecg">
               <dt>
                  <i18n:text i18n:key="epidoc-xslt-ecg-origin">Origin</i18n:text>
               </dt>
               <dd>Unknown.</dd>
               <dt>
                  <i18n:text i18n:key="epidoc-xslt-ecg-category">Category</i18n:text>
               </dt>
               <dd>
                  <i18n:text i18n:key="epidoc-xslt-ecg-not-specified">Not specified</i18n:text>
               </dd>
               <dt>
                  <i18n:text i18n:key="epidoc-xslt-ecg-date">Date</i18n:text>
               </dt>
               <dd>First to second centuries A.D.</dd>
               <dt>
                  <i18n:text i18n:key="epidoc-xslt-ecg-dating-criteria">Dating criteria</i18n:text>
               </dt>
               <dd>lettering</dd>
               <dt>
                  <i18n:text i18n:key="epidoc-xslt-ecg-editions">Editions</i18n:text>
               </dt>
               <dd>
                  <div id="bibliography">
                     <h3>Bibliography</h3>
                     <p> pl. LXXXI, whence 5329. </p>
                  </div>
               </dd>
            </dl>
            <div id="edition" class="ecg">
               <div id="edition" lang="grc">
                  <div class="textpart" lang="grc">
                     <span class="ab">
                        <a id="al1"><!--0--></a>Πασικλ̣ῆ̣ϲ <br id="al2"/>Ϲώ̣[ϲ]ο[υ] (ἔτουϲ) λ ι̣-<br id="al3"/>α Χοι[άκ] </span>
                  </div>
               </div>
            </div>
            <div id="diplomatic">
               <div id="edition" lang="grc">
                  <div class="textpart" lang="grc">
                     <span class="ab">
                        <a id="al1"><!--0--></a>ΠΑΣΙΚ..Ϲ<br id="al2"/>Ϲ.[.]Ο[.] <em>
                           <span class="smaller">year</span>
                        </em> Λ.<br id="al3"/>ΑΧΟΙ[..]</span>
                  </div>
               </div>
            </div>
            <div id="apparatus" class="ecg">
               <h4 class="ecg">
                  <i18n:text i18n:key="epidoc-xslt-ecg-apparatus">Apparatus</i18n:text>
               </h4>
               <span class="1">1: ΠΑΣΙΚΑΙϹ</span>
               <br/>
               <span class="2">2: ϹΟΟΞΛΙ; Σ[ώσου (ἐτῶν)] λ[γʹ]</span>
            </div>
            <div id="translation" class="ecg">
               <h4 class="ecg">
                  <i18n:text i18n:key="epidoc-xslt-ecg-translation">Translation</i18n:text>
               </h4>
               <p/>
            </div>
            <div id="commentary" class="ecg">
               <h4 class="ecg">
                  <i18n:text i18n:key="epidoc-xslt-ecg-commentary">Commentary</i18n:text>
               </h4>
               <p/>
            </div>
            <div id="images" class="ecg">
               <h4 class="ecg">
                  <i18n:text i18n:key="epidoc-xslt-ecg-images">Images</i18n:text>
               </h4>
               <dl>
                  <dt width="150" align="left"/>
                  <dd>
                     <a href="PachoLXXXI">
                        <img title="Transcription (1827, Pacho, plate LXXXI)"
                              src="-thumb.PachoLXXXI"/>
                     </a>
                  </dd>
               </dl>
            </div>
         </div>
      </body>
   </html>
</div>
